Component: ARM Compiler 5.06 update 1 (build 61) Tool: armlink [4d35a8]

==============================================================================

Section Cross References

    stm32f10x_gpio.o(i.GPIO_AFIODeInit) refers to stm32f10x_rcc.o(i.RCC_APB2PeriphResetCmd) for RCC_APB2PeriphResetCmd
    stm32f10x_gpio.o(i.GPIO_DeInit) refers to stm32f10x_rcc.o(i.RCC_APB2PeriphResetCmd) for RCC_APB2PeriphResetCmd
    stm32f10x_rcc.o(i.RCC_GetClocksFreq) refers to stm32f10x_rcc.o(.data) for APBAHBPrescTable
    stm32f10x_rcc.o(i.RCC_WaitForHSEStartUp) refers to stm32f10x_rcc.o(i.RCC_GetFlagStatus) for RCC_GetFlagStatus
    stm32f10x_adc.o(i.ADC_DeInit) refers to stm32f10x_rcc.o(i.RCC_APB2PeriphResetCmd) for RCC_APB2PeriphResetCmd
    stm32f10x_tim.o(i.TIM_DeInit) refers to stm32f10x_rcc.o(i.RCC_APB2PeriphResetCmd) for RCC_APB2PeriphResetCmd
    stm32f10x_tim.o(i.TIM_DeInit) refers to stm32f10x_rcc.o(i.RCC_APB1PeriphResetCmd) for RCC_APB1PeriphResetCmd
    stm32f10x_tim.o(i.TIM_ETRClockMode1Config) refers to stm32f10x_tim.o(i.TIM_ETRConfig) for TIM_ETRConfig
    stm32f10x_tim.o(i.TIM_ETRClockMode2Config) refers to stm32f10x_tim.o(i.TIM_ETRConfig) for TIM_ETRConfig
    stm32f10x_tim.o(i.TIM_ICInit) refers to stm32f10x_tim.o(i.TI1_Config) for TI1_Config
    stm32f10x_tim.o(i.TIM_ICInit) refers to stm32f10x_tim.o(i.TIM_SetIC1Prescaler) for TIM_SetIC1Prescaler
    stm32f10x_tim.o(i.TIM_ICInit) refers to stm32f10x_tim.o(i.TI2_Config) for TI2_Config
    stm32f10x_tim.o(i.TIM_ICInit) refers to stm32f10x_tim.o(i.TIM_SetIC2Prescaler) for TIM_SetIC2Prescaler
    stm32f10x_tim.o(i.TIM_ICInit) refers to stm32f10x_tim.o(i.TI3_Config) for TI3_Config
    stm32f10x_tim.o(i.TIM_ICInit) refers to stm32f10x_tim.o(i.TIM_SetIC3Prescaler) for TIM_SetIC3Prescaler
    stm32f10x_tim.o(i.TIM_ICInit) refers to stm32f10x_tim.o(i.TI4_Config) for TI4_Config
    stm32f10x_tim.o(i.TIM_ICInit) refers to stm32f10x_tim.o(i.TIM_SetIC4Prescaler) for TIM_SetIC4Prescaler
    stm32f10x_tim.o(i.TIM_ITRxExternalClockConfig) refers to stm32f10x_tim.o(i.TIM_SelectInputTrigger) for TIM_SelectInputTrigger
    stm32f10x_tim.o(i.TIM_PWMIConfig) refers to stm32f10x_tim.o(i.TI1_Config) for TI1_Config
    stm32f10x_tim.o(i.TIM_PWMIConfig) refers to stm32f10x_tim.o(i.TIM_SetIC1Prescaler) for TIM_SetIC1Prescaler
    stm32f10x_tim.o(i.TIM_PWMIConfig) refers to stm32f10x_tim.o(i.TI2_Config) for TI2_Config
    stm32f10x_tim.o(i.TIM_PWMIConfig) refers to stm32f10x_tim.o(i.TIM_SetIC2Prescaler) for TIM_SetIC2Prescaler
    stm32f10x_tim.o(i.TIM_TIxExternalClockConfig) refers to stm32f10x_tim.o(i.TI2_Config) for TI2_Config
    stm32f10x_tim.o(i.TIM_TIxExternalClockConfig) refers to stm32f10x_tim.o(i.TI1_Config) for TI1_Config
    stm32f10x_tim.o(i.TIM_TIxExternalClockConfig) refers to stm32f10x_tim.o(i.TIM_SelectInputTrigger) for TIM_SelectInputTrigger
    main.o(i.ADC_Config) refers to stm32f10x_rcc.o(i.RCC_APB2PeriphClockCmd) for RCC_APB2PeriphClockCmd
    main.o(i.ADC_Config) refers to stm32f10x_adc.o(i.ADC_Init) for ADC_Init
    main.o(i.ADC_Config) refers to stm32f10x_adc.o(i.ADC_RegularChannelConfig) for ADC_RegularChannelConfig
    main.o(i.ADC_Config) refers to stm32f10x_adc.o(i.ADC_Cmd) for ADC_Cmd
    main.o(i.ADC_Config) refers to stm32f10x_adc.o(i.ADC_ResetCalibration) for ADC_ResetCalibration
    main.o(i.ADC_Config) refers to stm32f10x_adc.o(i.ADC_GetResetCalibrationStatus) for ADC_GetResetCalibrationStatus
    main.o(i.ADC_Config) refers to stm32f10x_adc.o(i.ADC_StartCalibration) for ADC_StartCalibration
    main.o(i.ADC_Config) refers to stm32f10x_adc.o(i.ADC_GetCalibrationStatus) for ADC_GetCalibrationStatus
    main.o(i.ADC_Config) refers to stm32f10x_adc.o(i.ADC_SoftwareStartConvCmd) for ADC_SoftwareStartConvCmd
    main.o(i.ADC_to_Voltage) refers to fflt_clz.o(x$fpl$ffltu) for __aeabi_ui2f
    main.o(i.ADC_to_Voltage) refers to fmul.o(x$fpl$fmul) for __aeabi_fmul
    main.o(i.ADC_to_Voltage) refers to fdiv.o(x$fpl$fdiv) for __aeabi_fdiv
    main.o(i.Buzzer_SetFrequency) refers to stm32f10x_tim.o(i.TIM_TimeBaseInit) for TIM_TimeBaseInit
    main.o(i.Buzzer_SetFrequency) refers to stm32f10x_tim.o(i.TIM_OC2Init) for TIM_OC2Init
    main.o(i.Buzzer_SetFrequency) refers to stm32f10x_tim.o(i.TIM_OC2PreloadConfig) for TIM_OC2PreloadConfig
    main.o(i.Buzzer_SetFrequency) refers to stm32f10x_tim.o(i.TIM_Cmd) for TIM_Cmd
    main.o(i.Buzzer_Stop) refers to stm32f10x_tim.o(i.TIM_Cmd) for TIM_Cmd
    main.o(i.Calculate_PPM) refers to fdiv.o(x$fpl$fdiv) for __aeabi_fdiv
    main.o(i.Calculate_PPM) refers to f2d.o(x$fpl$f2d) for __aeabi_f2d
    main.o(i.Calculate_PPM) refers to pow.o(i.pow) for pow
    main.o(i.Calculate_PPM) refers to dmul.o(x$fpl$dmul) for __aeabi_dmul
    main.o(i.Calculate_PPM) refers to d2f.o(x$fpl$d2f) for __aeabi_d2f
    main.o(i.Calculate_RS) refers to feqf.o(x$fpl$feqf) for __aeabi_cfcmpeq
    main.o(i.Calculate_RS) refers to faddsub_clz.o(x$fpl$frsb) for __aeabi_frsub
[...]
    Removing stm32f10x_tim.o(i.TIM_GetCapture4), (8 bytes).
    Removing stm32f10x_tim.o(i.TIM_GetCounter), (6 bytes).
    Removing stm32f10x_tim.o(i.TIM_GetFlagStatus), (18 bytes).
    Removing stm32f10x_tim.o(i.TIM_GetITStatus), (34 bytes).
    Removing stm32f10x_tim.o(i.TIM_GetPrescaler), (6 bytes).
    Removing stm32f10x_tim.o(i.TIM_ICInit), (172 bytes).
    Removing stm32f10x_tim.o(i.TIM_ICStructInit), (18 bytes).
    Removing stm32f10x_tim.o(i.TIM_ITConfig), (18 bytes).
    Removing stm32f10x_tim.o(i.TIM_ITRxExternalClockConfig), (24 bytes).
    Removing stm32f10x_tim.o(i.TIM_InternalClockConfig), (12 bytes).
    Removing stm32f10x_tim.o(i.TIM_OC1FastConfig), (18 bytes).
    Removing stm32f10x_tim.o(i.TIM_OC1Init), (152 bytes).
    Removing stm32f10x_tim.o(i.TIM_OC1NPolarityConfig), (18 bytes).
    Removing stm32f10x_tim.o(i.TIM_OC1PolarityConfig), (18 bytes).
    Removing stm32f10x_tim.o(i.TIM_OC1PreloadConfig), (18 bytes).
    Removing stm32f10x_tim.o(i.TIM_OC2FastConfig), (26 bytes).
    Removing stm32f10x_tim.o(i.TIM_OC2NPolarityConfig), (26 bytes).
    Removing stm32f10x_tim.o(i.TIM_OC2PolarityConfig), (26 bytes).
    Removing stm32f10x_tim.o(i.TIM_OC3FastConfig), (18 bytes).
    Removing stm32f10x_tim.o(i.TIM_OC3Init), (160 bytes).
    Removing stm32f10x_tim.o(i.TIM_OC3NPolarityConfig), (26 bytes).
    Removing stm32f10x_tim.o(i.TIM_OC3PolarityConfig), (26 bytes).
    Removing stm32f10x_tim.o(i.TIM_OC3PreloadConfig), (18 bytes).
    Removing stm32f10x_tim.o(i.TIM_OC4FastConfig), (26 bytes).
    Removing stm32f10x_tim.o(i.TIM_OC4Init), (124 bytes).
    Removing stm32f10x_tim.o(i.TIM_OC4PolarityConfig), (26 bytes).
    Removing stm32f10x_tim.o(i.TIM_OC4PreloadConfig), (26 bytes).
    Removing stm32f10x_tim.o(i.TIM_OCStructInit), (20 bytes).
    Removing stm32f10x_tim.o(i.TIM_PWMIConfig), (124 bytes).
    Removing stm32f10x_tim.o(i.TIM_PrescalerConfig), (6 bytes).
    Removing stm32f10x_tim.o(i.TIM_SelectCCDMA), (24 bytes).
    Removing stm32f10x_tim.o(i.TIM_SelectCOM), (24 bytes).
    Removing stm32f10x_tim.o(i.TIM_SelectHallSensor), (24 bytes).
    Removing stm32f10x_tim.o(i.TIM_SelectInputTrigger), (18 bytes).
    Removing stm32f10x_tim.o(i.TIM_SelectMasterSlaveMode), (18 bytes).
    Removing stm32f10x_tim.o(i.TIM_SelectOCxM), (82 bytes).
    Removing stm32f10x_tim.o(i.TIM_SelectOnePulseMode), (18 bytes).
    Removing stm32f10x_tim.o(i.TIM_SelectOutputTrigger), (18 bytes).
    Removing stm32f10x_tim.o(i.TIM_SelectSlaveMode), (18 bytes).
    Removing stm32f10x_tim.o(i.TIM_SetAutoreload), (4 bytes).
    Removing stm32f10x_tim.o(i.TIM_SetClockDivision), (18 bytes).
    Removing stm32f10x_tim.o(i.TIM_SetCompare1), (4 bytes).
    Removing stm32f10x_tim.o(i.TIM_SetCompare2), (4 bytes).
    Removing stm32f10x_tim.o(i.TIM_SetCompare3), (4 bytes).
    Removing stm32f10x_tim.o(i.TIM_SetCompare4), (6 bytes).
    Removing stm32f10x_tim.o(i.TIM_SetCounter), (4 bytes).
    Removing stm32f10x_tim.o(i.TIM_SetIC1Prescaler), (18 bytes).
    Removing stm32f10x_tim.o(i.TIM_SetIC2Prescaler), (26 bytes).
    Removing stm32f10x_tim.o(i.TIM_SetIC3Prescaler), (18 bytes).
    Removing stm32f10x_tim.o(i.TIM_SetIC4Prescaler), (26 bytes).
    Removing stm32f10x_tim.o(i.TIM_TIxExternalClockConfig), (62 bytes).
    Removing stm32f10x_tim.o(i.TIM_TimeBaseStructInit), (18 bytes).
    Removing stm32f10x_tim.o(i.TIM_UpdateDisableConfig), (24 bytes).
    Removing stm32f10x_tim.o(i.TIM_UpdateRequestConfig), (24 bytes).

159 unused section(s) (total 5746 bytes) removed from the image.

==============================================================================

Image Symbol Table

    Local Symbols

    Symbol Name                              Value     Ov Type        Size  Object(Section)

    ../clib/angel/boardlib.s                 0x00000000   Number         0  boardinit3.o ABSOLUTE
    ../clib/angel/boardlib.s                 0x00000000   Number         0  boardinit1.o ABSOLUTE
    ../clib/angel/boardlib.s                 0x00000000   Number         0  boardinit2.o ABSOLUTE
    ../clib/angel/boardlib.s                 0x00000000   Number         0  boardshut.o ABSOLUTE
    ../clib/angel/handlers.s                 0x00000000   Number         0  __scatter_copy.o ABSOLUTE
    ../clib/angel/handlers.s                 0x00000000   Number         0  __scatter_zi.o ABSOLUTE
    ../clib/angel/kernel.s                   0x00000000   Number         0  __rtentry2.o ABSOLUTE
    ../clib/angel/kernel.s                   0x00000000   Number         0  rtexit2.o ABSOLUTE
    ../clib/angel/kernel.s                   0x00000000   Number         0  rtexit.o ABSOLUTE
    ../clib/angel/kernel.s                   0x00000000   Number         0  __rtentry.o ABSOLUTE
    ../clib/angel/kernel.s                   0x00000000   Number         0  __rtentry4.o ABSOLUTE
    ../clib/angel/rt.s                       0x00000000   Number         0  rt_errno_addr_intlibspace.o ABSOLUTE
    ../clib/angel/rt.s                       0x00000000   Number         0  rt_errno_addr.o ABSOLUTE
    ../clib/angel/rt.s                       0x00000000   Number         0  rt_raise.o ABSOLUTE
    ../clib/angel/rt.s                       0x00000000   Number         0  rt_locale_intlibspace.o ABSOLUTE
    ../clib/angel/rt.s                       0x00000000   Number         0  rt_locale.o ABSOLUTE
    ../clib/angel/scatter.s                  0x00000000   Number         0  __scatter.o ABSOLUTE
    ../clib/angel/startup.s                  0x00000000   Number         0  __main.o ABSOLUTE
    ../clib/angel/sys.s                      0x00000000   Number         0  libspace.o ABSOLUTE
    ../clib/angel/sys.s                      0x00000000   Number         0  sys_stackheap_outer.o ABSOLUTE
    ../clib/angel/sys.s                      0x00000000   Number         0  use_no_semi.o ABSOLUTE
    ../clib/angel/sys.s                      0x00000000   Number         0  indicate_semi.o ABSOLUTE
    ../clib/angel/sysapp.c                   0x00000000   Number         0  sys_wrch.o ABSOLUTE
    ../clib/angel/sysapp.c                   0x00000000   Number         0  sys_command.o ABSOLUTE
    ../clib/angel/sysapp.c                   0x00000000   Number         0  sys_exit.o ABSOLUTE
    ../clib/armsys.c                         0x00000000   Number         0  argv_veneer.o ABSOLUTE
    ../clib/armsys.c                         0x00000000   Number         0  argv_veneer.o ABSOLUTE
    ../clib/armsys.c                         0x00000000   Number         0  no_argv.o ABSOLUTE
    ../clib/armsys.c                         0x00000000   Number         0  _get_argv_nomalloc.o ABSOLUTE
    ../clib/bigflt.c                         0x00000000   Number         0  bigflt0.o ABSOLUTE
    ../clib/btod.s                           0x00000000   Number         0  btod.o ABSOLUTE
    ../clib/fenv.c                           0x00000000   Number         0  _rserrno.o ABSOLUTE
    ../clib/heapalloc.c                      0x00000000   Number         0  hrguard.o ABSOLUTE
    ../clib/heapaux.c                        0x00000000   Number         0  heapauxi.o ABSOLUTE
    ../clib/libinit.s                        0x00000000   Number         0  libinit2.o ABSOLUTE
    ../clib/libinit.s                        0x00000000   Number         0  libinit.o ABSOLUTE
    ../clib/libinit.s                        0x00000000   Number         0  libshutdown2.o ABSOLUTE
    ../clib/libinit.s                        0x00000000   Number         0  libshutdown.o ABSOLUTE
    ../clib/locale.s                         0x00000000   Number         0  lc_numeric_c.o ABSOLUTE
    ../clib/longlong.s                       0x00000000   Number         0  lludiv10.o ABSOLUTE
    ../clib/memcpset.s                       0x00000000   Number         0  strcmpv7m.o ABSOLUTE
    ../clib/misc.s                           0x00000000   Number         0  printf_stubs.o ABSOLUTE
    ../clib/printf.c                         0x00000000   Number         0  noretval__2sprintf.o ABSOLUTE
    ../clib/printf.c                         0x00000000   Number         0  __2sprintf.o ABSOLUTE
    ../clib/printf.c                         0x00000000   Number         0  __printf_nopercent.o ABSOLUTE
    ../clib/printf.c                         0x00000000   Number         0  _printf_fp_dec.o ABSOLUTE
    ../clib/printf.c                         0x00000000   Number         0  _sputc.o ABSOLUTE
    ../clib/printf.c                         0x00000000   Number         0  _printf_fp_infnan.o ABSOLUTE
    ../clib/printf.c                         0x00000000   Number         0  __printf_flags.o ABSOLUTE
    ../clib/printf.c                         0x00000000   Number         0  __printf_flags_ss_wp.o ABSOLUTE
    ../clib/printf.c                         0x00000000   Number         0  __printf_ss_wp.o ABSOLUTE
    ../clib/printf.c                         0x00000000   Number         0  __printf_flags_wp.o ABSOLUTE
    ../clib/printf.c                         0x00000000   Number         0  __printf.o ABSOLUTE
    ../clib/printf.c                         0x00000000   Number         0  _printf_char_common.o ABSOLUTE
    ../clib/printf.c                         0x00000000   Number         0  __printf_wp.o ABSOLUTE
    ../clib/printf.c                         0x00000000   Number         0  __printf_flags_ss.o ABSOLUTE
    ../clib/printf.c                         0x00000000   Number         0  __printf_ss.o ABSOLUTE
    ../clib/printf_percent.s                 0x00000000   Number         0  _printf_percent.o ABSOLUTE
    ../clib/printf_percent.s                 0x00000000   Number         0  _printf_percent_end.o ABSOLUTE
    ../clib/printf_percent.s                 0x00000000   Number         0  _printf_f.o ABSOLUTE
    ../clib/signal.c                         0x00000000   Number         0  defsig_cppl_inner.o ABSOLUTE
    ../clib/signal.c                         0x00000000   Number         0  defsig_rtmem_formal.o ABSOLUTE
    ../clib/signal.c                         0x00000000   Number         0  defsig_other.o ABSOLUTE
    ../clib/signal.c                         0x00000000   Number         0  __raise.o ABSOLUTE
    ../clib/signal.c                         0x00000000   Number         0  defsig_general.o ABSOLUTE
    ../clib/signal.c                         0x00000000   Number         0  defsig_exit.o ABSOLUTE
    ../clib/signal.c                         0x00000000   Number         0  defsig_abrt_inner.o ABSOLUTE
    ../clib/signal.c                         0x00000000   Number         0  defsig_rtmem_inner.o ABSOLUTE
    ../clib/signal.c                         0x00000000   Number         0  defsig_fpe_inner.o ABSOLUTE
    ../clib/signal.c                         0x00000000   Number         0  defsig_rtmem_outer.o ABSOLUTE
    ../clib/signal.c                         0x00000000   Number         0  defsig_rtred_inner.o ABSOLUTE
    ../clib/signal.c                         0x00000000   Number         0  defsig_stak_inner.o ABSOLUTE
    ../clib/signal.c                         0x00000000   Number         0  defsig_pvfn_inner.o ABSOLUTE
    ../clib/signal.c                         0x00000000   Number         0  defsig_segv_inner.o ABSOLUTE
    ../clib/signal.s                         0x00000000   Number         0  defsig.o ABSOLUTE
    ../clib/stdlib.c                         0x00000000   Number         0  exit.o ABSOLUTE
    ../fplib/d2f.s                           0x00000000   Number         0  d2f.o ABSOLUTE
    ../fplib/daddsub.s                       0x00000000   Number         0  daddsub_clz.o ABSOLUTE
    ../fplib/dcheck1.s                       0x00000000   Number         0  dcheck1.o ABSOLUTE
    ../fplib/dcmpi.s                         0x00000000   Number         0  dcmpi.o ABSOLUTE
    ../fplib/ddiv.s                          0x00000000   Number         0  ddiv.o ABSOLUTE
    ../fplib/dflt.s                          0x00000000   Number         0  dflt_clz.o ABSOLUTE
    ../fplib/dleqf.s                         0x00000000   Number         0  dleqf.o ABSOLUTE
    ../fplib/dmul.s                          0x00000000   Number         0  dmul.o ABSOLUTE
    ../fplib/dnaninf.s                       0x00000000   Number         0  dnaninf.o ABSOLUTE
    ../fplib/dretinf.s                       0x00000000   Number         0  dretinf.o ABSOLUTE
    ../fplib/drleqf.s                        0x00000000   Number         0  drleqf.o ABSOLUTE
    ../fplib/dsqrt.s                         0x00000000   Number         0  dsqrt_noumaal.o ABSOLUTE
    ../fplib/f2d.s                           0x00000000   Number         0  f2d.o ABSOLUTE
    ../fplib/faddsub.s                       0x00000000   Number         0  faddsub_clz.o ABSOLUTE
    ../fplib/fcmpi.s                         0x00000000   Number         0  fcmpi.o ABSOLUTE
    ../fplib/fdiv.s                          0x00000000   Number         0  fdiv.o ABSOLUTE
    ../fplib/feqf.s                          0x00000000   Number         0  feqf.o ABSOLUTE
    ../fplib/fflt.s                          0x00000000   Number         0  fflt_clz.o ABSOLUTE
    ../fplib/fleqf.s                         0x00000000   Number         0  fleqf.o ABSOLUTE
    ../fplib/fmul.s                          0x00000000   Number         0  fmul.o ABSOLUTE
    ../fplib/fnaninf.s                       0x00000000   Number         0  fnaninf.o ABSOLUTE
    ../fplib/fpinit.s                        0x00000000   Number         0  fpinit.o ABSOLUTE
    ../fplib/fretinf.s                       0x00000000   Number         0  fretinf.o ABSOLUTE
    ../fplib/frleqf.s                        0x00000000   Number         0  frleqf.o ABSOLUTE
    ../fplib/istatus.s                       0x00000000   Number         0  istatus.o ABSOLUTE
    ../fplib/printf1.s                       0x00000000   Number         0  printf1.o ABSOLUTE
    ../fplib/retnan.s                        0x00000000   Number         0  retnan.o ABSOLUTE
    ../fplib/scalbn.s                        0x00000000   Number         0  scalbn.o ABSOLUTE
    ../fplib/trapv.s                         0x00000000   Number         0  trapv.o ABSOLUTE
    ../fplib/usenofp.s                       0x00000000   Number         0  usenofp.o ABSOLUTE
    ../mathlib/dunder.c                      0x00000000   Number         0  dunder.o ABSOLUTE
    ../mathlib/fpclassify.c                  0x00000000   Number         0  fpclassify.o ABSOLUTE
    ../mathlib/poly.c                        0x00000000   Number         0  poly.o ABSOLUTE
    ../mathlib/pow.c                         0x00000000   Number         0  pow.o ABSOLUTE
    ../mathlib/pow.c                         0x00000000   Number         0  pow_x.o ABSOLUTE
    ../mathlib/qnan.c                        0x00000000   Number         0  qnan.o ABSOLUTE
    ../mathlib/sqrt.c                        0x00000000   Number         0  sqrt.o ABSOLUTE
    ../mathlib/sqrt.c                        0x00000000   Number         0  sqrt_x.o ABSOLUTE
    ..\Lib\STM32F10x_StdPeriph_Driver\src\stm32f10x_adc.c 0x00000000   Number         0  stm32f10x_adc.o ABSOLUTE
    ..\Lib\STM32F10x_StdPeriph_Driver\src\stm32f10x_gpio.c 0x00000000   Number         0  stm32f10x_gpio.o ABSOLUTE
    ..\Lib\STM32F10x_StdPeriph_Driver\src\stm32f10x_rcc.c 0x00000000   Number         0  stm32f10x_rcc.o ABSOLUTE
    ..\Lib\STM32F10x_StdPeriph_Driver\src\stm32f10x_tim.c 0x00000000   Number         0  stm32f10x_tim.o ABSOLUTE
    ..\User\main.c                           0x00000000   Number         0  main.o ABSOLUTE
    RTE\Device\STM32F103C8\startup_stm32f10x_md.s 0x00000000   Number         0  startup_stm32f10x_md.o ABSOLUTE
    RTE\Device\STM32F103C8\system_stm32f10x.c 0x00000000   Number         0  system_stm32f10x.o ABSOLUTE
    dc.s                                     0x00000000   Number         0  dc.o ABSOLUTE
    RESET                                    0x08000000   Section      236  startup_stm32f10x_md.o(RESET)
    !!!main                                  0x080000ec   Section        8  __main.o(!!!main)
    !!!scatter                               0x080000f4   Section       52  __scatter.o(!!!scatter)
    !!handler_copy                           0x08000128   Section       26  __scatter_copy.o(!!handler_copy)
    !!handler_zi                             0x08000144   Section       28  __scatter_zi.o(!!handler_zi)
    .ARM.Collect$$_printf_percent$$00000000  0x08000160   Section        0  _printf_percent.o(.ARM.Collect$$_printf_percent$$00000000)
    .ARM.Collect$$_printf_percent$$00000003  0x08000160   Section        6  _printf_f.o(.ARM.Collect$$_printf_percent$$00000003)
    .ARM.Collect$$_printf_percent$$00000017  0x08000166   Section        4  _printf_percent_end.o(.ARM.Collect$$_printf_percent$$00000017)
    .ARM.Collect$$libinit$$00000000          0x0800016a   Section        2  libinit.o(.ARM.Collect$$libinit$$00000000)
    .ARM.Collect$$libinit$$00000002          0x0800016c   Section        0  libinit2.o(.ARM.Collect$$libinit$$00000002)
    .ARM.Collect$$libinit$$00000004          0x0800016c   Section        0  libinit2.o(.ARM.Collect$$libinit$$00000004)
    .ARM.Collect$$libinit$$0000000A          0x0800016c   Section        0  libinit2.o(.ARM.Collect$$libinit$$0000000A)
    .ARM.Collect$$libinit$$0000000C          0x0800016c   Section        0  libinit2.o(.ARM.Collect$$libinit$$0000000C)
    .ARM.Collect$$libinit$$0000000E          0x0800016c   Section        0  libinit2.o(.ARM.Collect$$libinit$$0000000E)
    .ARM.Collect$$libinit$$0000000F          0x0800016c   Section        6  libinit2.o(.ARM.Collect$$libinit$$0000000F)
    .ARM.Collect$$libinit$$00000011          0x08000172   Section        0  libinit2.o(.ARM.Collect$$libinit$$00000011)
    .ARM.Collect$$libinit$$00000013          0x08000172   Section        0  libinit2.o(.ARM.Collect$$libinit$$00000013)
    .ARM.Collect$$libinit$$00000015          0x08000172   Section        0  libinit2.o(.ARM.Collect$$libinit$$00000015)
    .ARM.Collect$$libinit$$00000016          0x08000172   Section       10  libinit2.o(.ARM.Collect$$libinit$$00000016)
    .ARM.Collect$$libinit$$00000017          0x0800017c   Section        0  libinit2.o(.ARM.Collect$$libinit$$00000017)
    .ARM.Collect$$libinit$$00000019          0x0800017c   Section        0  libinit2.o(.ARM.Collect$$libinit$$00000019)
    .ARM.Collect$$libinit$$0000001B          0x0800017c   Section        0  libinit2.o(.ARM.Collect$$libinit$$0000001B)
    .ARM.Collect$$libinit$$0000001D          0x0800017c   Section        0  libinit2.o(.ARM.Collect$$libinit$$0000001D)
    .ARM.Collect$$libinit$$0000001F          0x0800017c   Section        0  libinit2.o(.ARM.Collect$$libinit$$0000001F)
    .ARM.Collect$$libinit$$00000021          0x0800017c   Section        0  libinit2.o(.ARM.Collect$$libinit$$00000021)
    .ARM.Collect$$libinit$$00000023          0x0800017c   Section        0  libinit2.o(.ARM.Collect$$libinit$$00000023)
    .ARM.Collect$$libinit$$00000025          0x0800017c   Section        0  libinit2.o(.ARM.Collect$$libinit$$00000025)
    .ARM.Collect$$libinit$$0000002C          0x0800017c   Section        0  libinit2.o(.ARM.Collect$$libinit$$0000002C)
    .ARM.Collect$$libinit$$0000002E          0x0800017c   Section        0  libinit2.o(.ARM.Collect$$libinit$$0000002E)
    .ARM.Collect$$libinit$$00000030          0x0800017c   Section        0  libinit2.o(.ARM.Collect$$libinit$$00000030)
    .ARM.Collect$$libinit$$00000032          0x0800017c   Section        0  libinit2.o(.ARM.Collect$$libinit$$00000032)
    .ARM.Collect$$libinit$$00000033          0x0800017c   Section        2  libinit2.o(.ARM.Collect$$libinit$$00000033)
    .ARM.Collect$$libshutdown$$00000000      0x0800017e   Section        2  libshutdown.o(.ARM.Collect$$libshutdown$$00000000)
    .ARM.Collect$$libshutdown$$00000002      0x08000180   Section        0  libshutdown2.o(.ARM.Collect$$libshutdown$$00000002)
    .ARM.Collect$$libshutdown$$00000004      0x08000180   Section        0  libshutdown2.o(.ARM.Collect$$libshutdown$$00000004)
    .ARM.Collect$$libshutdown$$00000007      0x08000180   Section        0  libshutdown2.o(.ARM.Collect$$libshutdown$$00000007)
    .ARM.Collect$$libshutdown$$0000000A      0x08000180   Section        0  libshutdown2.o(.ARM.Collect$$libshutdown$$0000000A)
    .ARM.Collect$$libshutdown$$0000000C      0x08000180   Section        0  libshutdown2.o(.ARM.Collect$$libshutdown$$0000000C)
    .ARM.Collect$$libshutdown$$0000000F      0x08000180   Section        0  libshutdown2.o(.ARM.Collect$$libshutdown$$0000000F)
    .ARM.Collect$$libshutdown$$00000010      0x08000180   Section        2  libshutdown2.o(.ARM.Collect$$libshutdown$$00000010)
    .ARM.Collect$$rtentry$$00000000          0x08000182   Section        0  __rtentry.o(.ARM.Collect$$rtentry$$00000000)
    .ARM.Collect$$rtentry$$00000002          0x08000182   Section        0  __rtentry2.o(.ARM.Collect$$rtentry$$00000002)
    .ARM.Collect$$rtentry$$00000004          0x08000182   Section        6  __rtentry4.o(.ARM.Collect$$rtentry$$00000004)
    .ARM.Collect$$rtentry$$00000009          0x08000188   Section        0  __rtentry2.o(.ARM.Collect$$rtentry$$00000009)
    .ARM.Collect$$rtentry$$0000000A          0x08000188   Section        4  __rtentry2.o(.ARM.Collect$$rtentry$$0000000A)
    .ARM.Collect$$rtentry$$0000000C          0x0800018c   Section        0  __rtentry2.o(.ARM.Collect$$rtentry$$0000000C)
    .ARM.Collect$$rtentry$$0000000D          0x0800018c   Section        8  __rtentry2.o(.ARM.Collect$$rtentry$$0000000D)
    .ARM.Collect$$rtexit$$00000000           0x08000194   Section        2  rtexit.o(.ARM.Collect$$rtexit$$00000000)
    .ARM.Collect$$rtexit$$00000002           0x08000196   Section        0  rtexit2.o(.ARM.Collect$$rtexit$$00000002)
    .ARM.Collect$$rtexit$$00000003           0x08000196   Section        4  rtexit2.o(.ARM.Collect$$rtexit$$00000003)
    .ARM.Collect$$rtexit$$00000004           0x0800019a   Section        6  rtexit2.o(.ARM.Collect$$rtexit$$00000004)
    .text                                    0x080001a0   Section       64  startup_stm32f10x_md.o(.text)
    .text                                    0x080001e0   Section        0  noretval__2sprintf.o(.text)
    .text                                    0x08000208   Section        0  __printf_wp.o(.text)
    .text                                    0x08000316   Section        0  heapauxi.o(.text)
    .text                                    0x0800031c   Section        0  _rserrno.o(.text)
    .text                                    0x08000332   Section        0  _printf_fp_dec.o(.text)
    _fp_digits                               0x08000335   Thumb Code   428  _printf_fp_dec.o(.text)
    .text                                    0x0800074c   Section        0  _printf_char_common.o(.text)
    _printf_input_char                       0x0800074d   Thumb Code    10  _printf_char_common.o(.text)
    .text                                    0x0800077c   Section        0  _sputc.o(.text)
    .text                                    0x08000788   Section        8  rt_locale_intlibspace.o(.text)
    .text                                    0x08000790   Section        8  rt_errno_addr_intlibspace.o(.text)
    .text                                    0x08000798   Section      138  lludiv10.o(.text)
    .text                                    0x08000824   Section        0  _printf_fp_infnan.o(.text)
    .text                                    0x080008a4   Section        0  bigflt0.o(.text)
    .text                                    0x08000980   Section        8  libspace.o(.text)
    .text                                    0x08000988   Section       74  sys_stackheap_outer.o(.text)
    .text                                    0x080009d2   Section        0  exit.o(.text)
    .text                                    0x080009e4   Section      128  strcmpv7m.o(.text)
    .text                                    0x08000a64   Section        0  sys_exit.o(.text)
    .text                                    0x08000a70   Section        2  use_no_semi.o(.text)
    .text                                    0x08000a72   Section        0  indicate_semi.o(.text)
    CL$$btod_d2e                             0x08000a72   Section       62  btod.o(CL$$btod_d2e)
    CL$$btod_d2e_denorm_low                  0x08000ab0   Section       70  btod.o(CL$$btod_d2e_denorm_low)
    CL$$btod_d2e_norm_op1                    0x08000af6   Section       96  btod.o(CL$$btod_d2e_norm_op1)
    CL$$btod_div_common                      0x08000b56   Section      824  btod.o(CL$$btod_div_common)
    CL$$btod_e2e                             0x08000e8e   Section      198  btod.o(CL$$btod_e2e)
    CL$$btod_ediv                            0x08000f54   Section       40  btod.o(CL$$btod_ediv)
    CL$$btod_emul                            0x08000f7c   Section       40  btod.o(CL$$btod_emul)
    CL$$btod_mult_common                     0x08000fa4   Section      580  btod.o(CL$$btod_mult_common)
    i.ADC_Cmd                                0x080011e8   Section        0  stm32f10x_adc.o(i.ADC_Cmd)
    i.ADC_Config                             0x08001200   Section        0  main.o(i.ADC_Config)
    i.ADC_GetCalibrationStatus               0x0800127c   Section        0  stm32f10x_adc.o(i.ADC_GetCalibrationStatus)
    i.ADC_GetConversionValue                 0x08001290   Section        0  stm32f10x_adc.o(i.ADC_GetConversionValue)
    i.ADC_GetResetCalibrationStatus          0x08001298   Section        0  stm32f10x_adc.o(i.ADC_GetResetCalibrationStatus)
    i.ADC_Init                               0x080012ac   Section        0  stm32f10x_adc.o(i.ADC_Init)
    i.ADC_RegularChannelConfig               0x080012fc   Section        0  stm32f10x_adc.o(i.ADC_RegularChannelConfig)
    i.ADC_ResetCalibration                   0x080013b4   Section        0  stm32f10x_adc.o(i.ADC_ResetCalibration)
    i.ADC_SoftwareStartConvCmd               0x080013be   Section        0  stm32f10x_adc.o(i.ADC_SoftwareStartConvCmd)
    i.ADC_StartCalibration                   0x080013d4   Section        0  stm32f10x_adc.o(i.ADC_StartCalibration)
    i.ADC_to_Voltage                         0x080013e0   Section        0  main.o(i.ADC_to_Voltage)
    i.Buzzer_SetFrequency                    0x08001404   Section        0  main.o(i.Buzzer_SetFrequency)
    i.Buzzer_Stop                            0x08001474   Section        0  main.o(i.Buzzer_Stop)
    i.Calculate_PPM                          0x08001484   Section        0  main.o(i.Calculate_PPM)
    i.Calculate_RS                           0x080014c8   Section        0  main.o(i.Calculate_RS)
    i.DelayInit                              0x08001500   Section        0  main.o(i.DelayInit)
    i.DelayMs                                0x08001568   Section        0  main.o(i.DelayMs)
    i.DelayUs                                0x08001580   Section        0  main.o(i.DelayUs)
    i.GPIO_Config                            0x08001594   Section        0  main.o(i.GPIO_Config)
    i.GPIO_Init                              0x080015d4   Section        0  stm32f10x_gpio.o(i.GPIO_Init)
    i.GPIO_ResetBits                         0x080016ea   Section        0  stm32f10x_gpio.o(i.GPIO_ResetBits)
    i.GPIO_SetBits                           0x080016ee   Section        0  stm32f10x_gpio.o(i.GPIO_SetBits)
    i.GPIO_WriteBit                          0x080016f2   Section        0  stm32f10x_gpio.o(i.GPIO_WriteBit)
    i.LCD_Clear                              0x080016fc   Section        0  main.o(i.LCD_Clear)
    i.LCD_Enable                             0x0800170c   Section        0  main.o(i.LCD_Enable)
    i.LCD_Gotoxy                             0x08001734   Section        0  main.o(i.LCD_Gotoxy)
    i.LCD_Init                               0x08001750   Section        0  main.o(i.LCD_Init)
    i.LCD_PutChar                            0x08001794   Section        0  main.o(i.LCD_PutChar)
    i.LCD_Puts                               0x080017c8   Section        0  main.o(i.LCD_Puts)
    i.LCD_Send4Bit                           0x080017e0   Section        0  main.o(i.LCD_Send4Bit)
    i.LCD_SendCommand                        0x08001824   Section        0  main.o(i.LCD_SendCommand)
    i.PWM_Buzzer_Init                        0x08001858   Section        0  main.o(i.PWM_Buzzer_Init)
    i.RCC_APB1PeriphClockCmd                 0x0800188c   Section        0  stm32f10x_rcc.o(i.RCC_APB1PeriphClockCmd)
    i.RCC_APB2PeriphClockCmd                 0x080018ac   Section        0  stm32f10x_rcc.o(i.RCC_APB2PeriphClockCmd)
    i.Read_Gas_Value                         0x080018cc   Section        0  main.o(i.Read_Gas_Value)
    i.SetSysClock                            0x080018dc   Section        0  system_stm32f10x.o(i.SetSysClock)
    SetSysClock                              0x080018dd   Thumb Code     8  system_stm32f10x.o(i.SetSysClock)
    i.SetSysClockTo72                        0x080018e4   Section        0  system_stm32f10x.o(i.SetSysClockTo72)
    SetSysClockTo72                          0x080018e5   Thumb Code   214  system_stm32f10x.o(i.SetSysClockTo72)
    i.SysTick_Handler                        0x080019c4   Section        0  main.o(i.SysTick_Handler)
    i.SystemCoreClockUpdate                  0x080019dc   Section        0  system_stm32f10x.o(i.SystemCoreClockUpdate)
    i.SystemInit                             0x08001a80   Section        0  system_stm32f10x.o(i.SystemInit)
    i.TIM_Cmd                                0x08001ae0   Section        0  stm32f10x_tim.o(i.TIM_Cmd)
    i.TIM_OC2Init                            0x08001af8   Section        0  stm32f10x_tim.o(i.TIM_OC2Init)
    i.TIM_OC2PreloadConfig                   0x08001b9c   Section        0  stm32f10x_tim.o(i.TIM_OC2PreloadConfig)
    i.TIM_TimeBaseInit                       0x08001bb8   Section        0  stm32f10x_tim.o(i.TIM_TimeBaseInit)
    i.__ARM_fpclassify                       0x08001c5c   Section        0  fpclassify.o(i.__ARM_fpclassify)
    i.__kernel_poly                          0x08001c84   Section        0  poly.o(i.__kernel_poly)
    i.__mathlib_dbl_divzero                  0x08001d30   Section        0  dunder.o(i.__mathlib_dbl_divzero)
    i.__mathlib_dbl_infnan2                  0x08001d40   Section        0  dunder.o(i.__mathlib_dbl_infnan2)
    i.__mathlib_dbl_invalid                  0x08001d44   Section        0  dunder.o(i.__mathlib_dbl_invalid)
    i.__mathlib_dbl_overflow                 0x08001d50   Section        0  dunder.o(i.__mathlib_dbl_overflow)
    i.__mathlib_dbl_underflow                0x08001d60   Section        0  dunder.o(i.__mathlib_dbl_underflow)
    i._is_digit                              0x08001d70   Section        0  __printf_wp.o(i._is_digit)
    i.main                                   0x08001d80   Section        0  main.o(i.main)
    i.pow                                    0x08001ebc   Section        0  pow.o(i.pow)
    i.sqrt                                   0x08002894   Section        0  sqrt.o(i.sqrt)
    locale$$code                             0x080028e0   Section       44  lc_numeric_c.o(locale$$code)
    x$fpl$d2f                                0x0800290c   Section       98  d2f.o(x$fpl$d2f)
    x$fpl$dadd                               0x08002970   Section      336  daddsub_clz.o(x$fpl$dadd)
    _dadd1                                   0x08002981   Thumb Code     0  daddsub_clz.o(x$fpl$dadd)
    x$fpl$dcheck1                            0x08002ac0   Section       16  dcheck1.o(x$fpl$dcheck1)
    x$fpl$dcmpinf                            0x08002ad0   Section       24  dcmpi.o(x$fpl$dcmpinf)
    x$fpl$ddiv                               0x08002ae8   Section      688  ddiv.o(x$fpl$ddiv)
    ddiv_entry                               0x08002aef   Thumb Code     0  ddiv.o(x$fpl$ddiv)
    x$fpl$dflt                               0x08002d98   Section       46  dflt_clz.o(x$fpl$dflt)
    x$fpl$dleqf                              0x08002dc8   Section      120  dleqf.o(x$fpl$dleqf)
    x$fpl$dmul                               0x08002e40   Section      340  dmul.o(x$fpl$dmul)
    x$fpl$dnaninf                            0x08002f94   Section      156  dnaninf.o(x$fpl$dnaninf)
    x$fpl$dretinf                            0x08003030   Section       12  dretinf.o(x$fpl$dretinf)
    x$fpl$drleqf                             0x0800303c   Section      108  drleqf.o(x$fpl$drleqf)
    x$fpl$drsb                               0x080030a8   Section       22  daddsub_clz.o(x$fpl$drsb)
    x$fpl$dsqrt                              0x080030c0   Section      460  dsqrt_noumaal.o(x$fpl$dsqrt)
    x$fpl$dsub                               0x0800328c   Section      468  daddsub_clz.o(x$fpl$dsub)
    _dsub1                                   0x0800329d   Thumb Code     0  daddsub_clz.o(x$fpl$dsub)
    x$fpl$f2d                                0x08003460   Section       86  f2d.o(x$fpl$f2d)
    x$fpl$fadd                               0x080034b8   Section      196  faddsub_clz.o(x$fpl$fadd)
    _fadd1                                   0x080034c7   Thumb Code     0  faddsub_clz.o(x$fpl$fadd)
    x$fpl$fcmpinf                            0x0800357c   Section       24  fcmpi.o(x$fpl$fcmpinf)
    x$fpl$fdiv                               0x08003594   Section      388  fdiv.o(x$fpl$fdiv)
    _fdiv1                                   0x08003595   Thumb Code     0  fdiv.o(x$fpl$fdiv)
    x$fpl$feqf                               0x08003718   Section      104  feqf.o(x$fpl$feqf)
    x$fpl$ffltu                              0x08003780   Section       38  fflt_clz.o(x$fpl$ffltu)
    x$fpl$fleqf                              0x080037a8   Section      104  fleqf.o(x$fpl$fleqf)
    x$fpl$fmul                               0x08003810   Section      258  fmul.o(x$fpl$fmul)
    x$fpl$fnaninf                            0x08003912   Section      140  fnaninf.o(x$fpl$fnaninf)
    x$fpl$fretinf                            0x0800399e   Section       10  fretinf.o(x$fpl$fretinf)
    x$fpl$frleqf                             0x080039a8   Section       98  frleqf.o(x$fpl$frleqf)
    x$fpl$frsb                               0x08003a0a   Section       20  faddsub_clz.o(x$fpl$frsb)
    x$fpl$fsub                               0x08003a20   Section      234  faddsub_clz.o(x$fpl$fsub)
    _fsub1                                   0x08003a2f   Thumb Code     0  faddsub_clz.o(x$fpl$fsub)
    x$fpl$printf1                            0x08003b0a   Section        4  printf1.o(x$fpl$printf1)
    x$fpl$retnan                             0x08003b0e   Section      100  retnan.o(x$fpl$retnan)
    x$fpl$scalbn                             0x08003b72   Section       92  scalbn.o(x$fpl$scalbn)
    x$fpl$trapveneer                         0x08003bce   Section       48  trapv.o(x$fpl$trapveneer)
    x$fpl$usenofp                            0x08003bfe   Section        0  usenofp.o(x$fpl$usenofp)
    .constdata                               0x08003c00   Section      136  pow.o(.constdata)
    bp                                       0x08003c00   Data          16  pow.o(.constdata)
    dp_h                                     0x08003c10   Data          16  pow.o(.constdata)
    dp_l                                     0x08003c20   Data          16  pow.o(.constdata)
    L                                        0x08003c30   Data          48  pow.o(.constdata)
    P                                        0x08003c60   Data          40  pow.o(.constdata)
    .constdata                               0x08003c88   Section        8  qnan.o(.constdata)
    .constdata                               0x08003c90   Section      148  bigflt0.o(.constdata)
    tenpwrs_x                                0x08003c90   Data          60  bigflt0.o(.constdata)
    tenpwrs_i                                0x08003ccc   Data          64  bigflt0.o(.constdata)
    locale$$data                             0x08003d44   Section       28  lc_numeric_c.o(locale$$data)
    __lcnum_c_name                           0x08003d48   Data           2  lc_numeric_c.o(locale$$data)
    __lcnum_c_start                          0x08003d50   Data           0  lc_numeric_c.o(locale$$data)
    __lcnum_c_point                          0x08003d5c   Data           0  lc_numeric_c.o(locale$$data)
    __lcnum_c_thousands                      0x08003d5e   Data           0  lc_numeric_c.o(locale$$data)
    __lcnum_c_grouping                       0x08003d5f   Data           0  lc_numeric_c.o(locale$$data)
    __lcnum_c_end                            0x08003d60   Data           0  lc_numeric_c.o(locale$$data)
    .data                                    0x20000000   Section        4  main.o(.data)
    usTicks                                  0x20000000   Data           4  main.o(.data)
    .data                                    0x20000004   Section       20  system_stm32f10x.o(.data)
    .bss                                     0x20000018   Section       96  libspace.o(.bss)
    HEAP                                     0x20000078   Section      512  startup_stm32f10x_md.o(HEAP)
    Heap_Mem                                 0x20000078   Data         512  startup_stm32f10x_md.o(HEAP)
    STACK                                    0x20000278   Section     1024  startup_stm32f10x_md.o(STACK)
    Stack_Mem                                0x20000278   Data        1024  startup_stm32f10x_md.o(STACK)
    __initial_sp                             0x20000678   Data           0  startup_stm32f10x_md.o(STACK)

    Global Symbols

    Symbol Name                              Value     Ov Type        Size  Object(Section)

    BuildAttributes$$THM_ISAv4$P$D$K$B$S$PE$A:L22UL41UL21$X:L11$S22US41US21$IEEE1$IW$USESV6$~STKCKD$USESV7$~SHL$OTIME$ROPI$IEEEX$EBA8$UX$STANDARDLIB$REQ8$PRES8$EABIv2 0x00000000   Number         0  anon$$obj.o ABSOLUTE
    __ARM_use_no_argv                        0x00000000   Number         0  main.o ABSOLUTE
    _printf_flags                            0x00000000   Number         0  printf_stubs.o ABSOLUTE
    _printf_return_value                     0x00000000   Number         0  printf_stubs.o ABSOLUTE
    _printf_sizespec                         0x00000000   Number         0  printf_stubs.o ABSOLUTE
    _printf_widthprec                        0x00000000   Number         0  printf_stubs.o ABSOLUTE
    __ARM_exceptions_init                     - Undefined Weak Reference
    __alloca_initialize                       - Undefined Weak Reference
    __arm_preinit_                            - Undefined Weak Reference
    __cpp_initialize__aeabi_                  - Undefined Weak Reference
    __cxa_finalize                            - Undefined Weak Reference
    __sigvec_lookup                           - Undefined Weak Reference
    _atexit_init                              - Undefined Weak Reference
    _call_atexit_fns                          - Undefined Weak Reference
    _clock_init                               - Undefined Weak Reference
    _fp_trap_init                             - Undefined Weak Reference
    _fp_trap_shutdown                         - Undefined Weak Reference
    _get_lc_collate                           - Undefined Weak Reference
    _get_lc_ctype                             - Undefined Weak Reference
    _get_lc_monetary                          - Undefined Weak Reference
    _get_lc_time                              - Undefined Weak Reference
    _getenv_init                              - Undefined Weak Reference
    _handle_redirection                       - Undefined Weak Reference
    _init_alloc                               - Undefined Weak Reference
    _init_user_alloc                          - Undefined Weak Reference
    _initio                                   - Undefined Weak Reference
    _printf_post_padding                      - Undefined Weak Reference
    _printf_pre_padding                       - Undefined Weak Reference
    _rand_init                                - Undefined Weak Reference
    _signal_finish                            - Undefined Weak Reference
    _signal_init                              - Undefined Weak Reference
    _terminate_alloc                          - Undefined Weak Reference
    _terminate_user_alloc                     - Undefined Weak Reference
    _terminateio                              - Undefined Weak Reference
    __Vectors_Size                           0x000000ec   Number         0  startup_stm32f10x_md.o ABSOLUTE
    __Vectors                                0x08000000   Data           4  startup_stm32f10x_md.o(RESET)
    __Vectors_End                            0x080000ec   Data           0  startup_stm32f10x_md.o(RESET)
    __main                                   0x080000ed   Thumb Code     8  __main.o(!!!main)
    __scatterload                            0x080000f5   Thumb Code     0  __scatter.o(!!!scatter)
    __scatterload_rt2                        0x080000f5   Thumb Code    44  __scatter.o(!!!scatter)
    __scatterload_rt2_thumb_only             0x080000f5   Thumb Code     0  __scatter.o(!!!scatter)
    __scatterload_null                       0x08000103   Thumb Code     0  __scatter.o(!!!scatter)
    __scatterload_copy                       0x08000129   Thumb Code    26  __scatter_copy.o(!!handler_copy)
    __scatterload_zeroinit                   0x08000145   Thumb Code    28  __scatter_zi.o(!!handler_zi)
    _printf_f                                0x08000161   Thumb Code     0  _printf_f.o(.ARM.Collect$$_printf_percent$$00000003)
    _printf_percent                          0x08000161   Thumb Code     0  _printf_percent.o(.ARM.Collect$$_printf_percent$$00000000)
    _printf_percent_end                      0x08000167   Thumb Code     0  _printf_percent_end.o(.ARM.Collect$$_printf_percent$$00000017)
    __rt_lib_init                            0x0800016b   Thumb Code     0  libinit.o(.ARM.Collect$$libinit$$00000000)
    __rt_lib_init_fp_1                       0x0800016d   Thumb Code     0  libinit2.o(.ARM.Collect$$libinit$$00000002)
    __rt_lib_init_heap_1                     0x0800016d   Thumb Code     0  libinit2.o(.ARM.Collect$$libinit$$0000000A)
    __rt_lib_init_lc_common                  0x0800016d   Thumb Code     0  libinit2.o(.ARM.Collect$$libinit$$0000000F)
    __rt_lib_init_preinit_1                  0x0800016d   Thumb Code     0  libinit2.o(.ARM.Collect$$libinit$$00000004)
    __rt_lib_init_rand_1                     0x0800016d   Thumb Code     0  libinit2.o(.ARM.Collect$$libinit$$0000000E)
    __rt_lib_init_user_alloc_1               0x0800016d   Thumb Code     0  libinit2.o(.ARM.Collect$$libinit$$0000000C)
    __rt_lib_init_lc_collate_1               0x08000173   Thumb Code     0  libinit2.o(.ARM.Collect$$libinit$$00000011)
    __rt_lib_init_lc_ctype_1                 0x08000173   Thumb Code     0  libinit2.o(.ARM.Collect$$libinit$$00000013)
    __rt_lib_init_lc_monetary_1              0x08000173   Thumb Code     0  libinit2.o(.ARM.Collect$$libinit$$00000015)
    __rt_lib_init_lc_numeric_2               0x08000173   Thumb Code     0  libinit2.o(.ARM.Collect$$libinit$$00000016)
    __rt_lib_init_alloca_1                   0x0800017d   Thumb Code     0  libinit2.o(.ARM.Collect$$libinit$$0000002E)
    __rt_lib_init_argv_1                     0x0800017d   Thumb Code     0  libinit2.o(.ARM.Collect$$libinit$$0000002C)
    __rt_lib_init_atexit_1                   0x0800017d   Thumb Code     0  libinit2.o(.ARM.Collect$$libinit$$0000001B)
    __rt_lib_init_clock_1                    0x0800017d   Thumb Code     0  libinit2.o(.ARM.Collect$$libinit$$00000021)
    __rt_lib_init_cpp_1                      0x0800017d   Thumb Code     0  libinit2.o(.ARM.Collect$$libinit$$00000032)
    __rt_lib_init_exceptions_1               0x0800017d   Thumb Code     0  libinit2.o(.ARM.Collect$$libinit$$00000030)
    __rt_lib_init_fp_trap_1                  0x0800017d   Thumb Code     0  libinit2.o(.ARM.Collect$$libinit$$0000001F)
    __rt_lib_init_getenv_1                   0x0800017d   Thumb Code     0  libinit2.o(.ARM.Collect$$libinit$$00000023)
    __rt_lib_init_lc_numeric_1               0x0800017d   Thumb Code     0  libinit2.o(.ARM.Collect$$libinit$$00000017)
    __rt_lib_init_lc_time_1                  0x0800017d   Thumb Code     0  libinit2.o(.ARM.Collect$$libinit$$00000019)
    __rt_lib_init_return                     0x0800017d   Thumb Code     0  libinit2.o(.ARM.Collect$$libinit$$00000033)
    __rt_lib_init_signal_1                   0x0800017d   Thumb Code     0  libinit2.o(.ARM.Collect$$libinit$$0000001D)
    __rt_lib_init_stdio_1                    0x0800017d   Thumb Code     0  libinit2.o(.ARM.Collect$$libinit$$00000025)
    __rt_lib_shutdown                        0x0800017f   Thumb Code     0  libshutdown.o(.ARM.Collect$$libshutdown$$00000000)
    __rt_lib_shutdown_cpp_1                  0x08000181   Thumb Code     0  libshutdown2.o(.ARM.Collect$$libshutdown$$00000002)
    __rt_lib_shutdown_fp_trap_1              0x08000181   Thumb Code     0  libshutdown2.o(.ARM.Collect$$libshutdown$$00000007)
    __rt_lib_shutdown_heap_1                 0x08000181   Thumb Code     0  libshutdown2.o(.ARM.Collect$$libshutdown$$0000000F)
    __rt_lib_shutdown_return                 0x08000181   Thumb Code     0  libshutdown2.o(.ARM.Collect$$libshutdown$$00000010)
    __rt_lib_shutdown_signal_1               0x08000181   Thumb Code     0  libshutdown2.o(.ARM.Collect$$libshutdown$$0000000A)
    __rt_lib_shutdown_stdio_1                0x08000181   Thumb Code     0  libshutdown2.o(.ARM.Collect$$libshutdown$$00000004)
    __rt_lib_shutdown_user_alloc_1           0x08000181   Thumb Code     0  libshutdown2.o(.ARM.Collect$$libshutdown$$0000000C)
    __rt_entry                               0x08000183   Thumb Code     0  __rtentry.o(.ARM.Collect$$rtentry$$00000000)
    __rt_entry_presh_1                       0x08000183   Thumb Code     0  __rtentry2.o(.ARM.Collect$$rtentry$$00000002)
    __rt_entry_sh                            0x08000183   Thumb Code     0  __rtentry4.o(.ARM.Collect$$rtentry$$00000004)
    __rt_entry_li                            0x08000189   Thumb Code     0  __rtentry2.o(.ARM.Collect$$rtentry$$0000000A)
    __rt_entry_postsh_1                      0x08000189   Thumb Code     0  __rtentry2.o(.ARM.Collect$$rtentry$$00000009)
    __rt_entry_main                          0x0800018d   Thumb Code     0  __rtentry2.o(.ARM.Collect$$rtentry$$0000000D)
    __rt_entry_postli_1                      0x0800018d   Thumb Code     0  __rtentry2.o(.ARM.Collect$$rtentry$$0000000C)
    __rt_exit                                0x08000195   Thumb Code     0  rtexit.o(.ARM.Collect$$rtexit$$00000000)
    __rt_exit_ls                             0x08000197   Thumb Code     0  rtexit2.o(.ARM.Collect$$rtexit$$00000003)
    __rt_exit_prels_1                        0x08000197   Thumb Code     0  rtexit2.o(.ARM.Collect$$rtexit$$00000002)
    __rt_exit_exit                           0x0800019b   Thumb Code     0  rtexit2.o(.ARM.Collect$$rtexit$$00000004)
    Reset_Handler                            0x080001a1   Thumb Code     8  startup_stm32f10x_md.o(.text)
    NMI_Handler                              0x080001a9   Thumb Code     2  startup_stm32f10x_md.o(.text)
    HardFault_Handler                        0x080001ab   Thumb Code     2  startup_stm32f10x_md.o(.text)
    MemManage_Handler                        0x080001ad   Thumb Code     2  startup_stm32f10x_md.o(.text)
    BusFault_Handler                         0x080001af   Thumb Code     2  startup_stm32f10x_md.o(.text)
    UsageFault_Handler                       0x080001b1   Thumb Code     2  startup_stm32f10x_md.o(.text)
    SVC_Handler                              0x080001b3   Thumb Code     2  startup_stm32f10x_md.o(.text)
    DebugMon_Handler                         0x080001b5   Thumb Code     2  startup_stm32f10x_md.o(.text)
    PendSV_Handler                           0x080001b7   Thumb Code     2  startup_stm32f10x_md.o(.text)
    ADC1_2_IRQHandler                        0x080001bb   Thumb Code     0  startup_stm32f10x_md.o(.text)
    CAN1_RX1_IRQHandler                      0x080001bb   Thumb Code     0  startup_stm32f10x_md.o(.text)
    CAN1_SCE_IRQHandler                      0x080001bb   Thumb Code     0  startup_stm32f10x_md.o(.text)
    DMA1_Channel1_IRQHandler                 0x080001bb   Thumb Code     0  startup_stm32f10x_md.o(.text)
    DMA1_Channel2_IRQHandler                 0x080001bb   Thumb Code     0  startup_stm32f10x_md.o(.text)
    DMA1_Channel3_IRQHandler                 0x080001bb   Thumb Code     0  startup_stm32f10x_md.o(.text)
    DMA1_Channel4_IRQHandler                 0x080001bb   Thumb Code     0  startup_stm32f10x_md.o(.text)
    DMA1_Channel5_IRQHandler                 0x080001bb   Thumb Code     0  startup_stm32f10x_md.o(.text)
    DMA1_Channel6_IRQHandler                 0x080001bb   Thumb Code     0  startup_stm32f10x_md.o(.text)
    DMA1_Channel7_IRQHandler                 0x080001bb   Thumb Code     0  startup_stm32f10x_md.o(.text)
    EXTI0_IRQHandler                         0x080001bb   Thumb Code     0  startup_stm32f10x_md.o(.text)
    EXTI15_10_IRQHandler                     0x080001bb   Thumb Code     0  startup_stm32f10x_md.o(.text)
    EXTI1_IRQHandler                         0x080001bb   Thumb Code     0  startup_stm32f10x_md.o(.text)
    EXTI2_IRQHandler                         0x080001bb   Thumb Code     0  startup_stm32f10x_md.o(.text)
    EXTI3_IRQHandler                         0x080001bb   Thumb Code     0  startup_stm32f10x_md.o(.text)
    EXTI4_IRQHandler                         0x080001bb   Thumb Code     0  startup_stm32f10x_md.o(.text)
    EXTI9_5_IRQHandler                       0x080001bb   Thumb Code     0  startup_stm32f10x_md.o(.text)
    FLASH_IRQHandler                         0x080001bb   Thumb Code     0  startup_stm32f10x_md.o(.text)
    I2C1_ER_IRQHandler                       0x080001bb   Thumb Code     0  startup_stm32f10x_md.o(.text)
    I2C1_EV_IRQHandler                       0x080001bb   Thumb Code     0  startup_stm32f10x_md.o(.text)
    I2C2_ER_IRQHandler                       0x080001bb   Thumb Code     0  startup_stm32f10x_md.o(.text)
    I2C2_EV_IRQHandler                       0x080001bb   Thumb Code     0  startup_stm32f10x_md.o(.text)
    PVD_IRQHandler                           0x080001bb   Thumb Code     0  startup_stm32f10x_md.o(.text)
    RCC_IRQHandler                           0x080001bb   Thumb Code     0  startup_stm32f10x_md.o(.text)
    RTCAlarm_IRQHandler                      0x080001bb   Thumb Code     0  startup_stm32f10x_md.o(.text)
    RTC_IRQHandler                           0x080001bb   Thumb Code     0  startup_stm32f10x_md.o(.text)
    SPI1_IRQHandler                          0x080001bb   Thumb Code     0  startup_stm32f10x_md.o(.text)
    SPI2_IRQHandler                          0x080001bb   Thumb Code     0  startup_stm32f10x_md.o(.text)
    TAMPER_IRQHandler                        0x080001bb   Thumb Code     0  startup_stm32f10x_md.o(.text)
    TIM1_BRK_IRQHandler                      0x080001bb   Thumb Code     0  startup_stm32f10x_md.o(.text)
    TIM1_CC_IRQHandler                       0x080001bb   Thumb Code     0  startup_stm32f10x_md.o(.text)
    TIM1_TRG_COM_IRQHandler                  0x080001bb   Thumb Code     0  startup_stm32f10x_md.o(.text)
    TIM1_UP_IRQHandler                       0x080001bb   Thumb Code     0  startup_stm32f10x_md.o(.text)
    TIM2_IRQHandler                          0x080001bb   Thumb Code     0  startup_stm32f10x_md.o(.text)
    TIM3_IRQHandler                          0x080001bb   Thumb Code     0  startup_stm32f10x_md.o(.text)
    TIM4_IRQHandler                          0x080001bb   Thumb Code     0  startup_stm32f10x_md.o(.text)
    USART1_IRQHandler                        0x080001bb   Thumb Code     0  startup_stm32f10x_md.o(.text)
    USART2_IRQHandler                        0x080001bb   Thumb Code     0  startup_stm32f10x_md.o(.text)
    USART3_IRQHandler                        0x080001bb   Thumb Code     0  startup_stm32f10x_md.o(.text)
    USBWakeUp_IRQHandler                     0x080001bb   Thumb Code     0  startup_stm32f10x_md.o(.text)
    USB_HP_CAN1_TX_IRQHandler                0x080001bb   Thumb Code     0  startup_stm32f10x_md.o(.text)
    USB_LP_CAN1_RX0_IRQHandler               0x080001bb   Thumb Code     0  startup_stm32f10x_md.o(.text)
    WWDG_IRQHandler                          0x080001bb   Thumb Code     0  startup_stm32f10x_md.o(.text)
    __user_initial_stackheap                 0x080001bd   Thumb Code     0  startup_stm32f10x_md.o(.text)
    __2sprintf                               0x080001e1   Thumb Code    34  noretval__2sprintf.o(.text)
    __printf                                 0x08000209   Thumb Code   270  __printf_wp.o(.text)
    __use_two_region_memory                  0x08000317   Thumb Code     2  heapauxi.o(.text)
    __rt_heap_escrow$2region                 0x08000319   Thumb Code     2  heapauxi.o(.text)
    __rt_heap_expand$2region                 0x0800031b   Thumb Code     2  heapauxi.o(.text)
    __read_errno                             0x0800031d   Thumb Code    10  _rserrno.o(.text)
    __set_errno                              0x08000327   Thumb Code    12  _rserrno.o(.text)
    __lib_sel_fp_printf                      0x08000333   Thumb Code     2  _printf_fp_dec.o(.text)
    _printf_fp_dec_real                      0x080004e1   Thumb Code   620  _printf_fp_dec.o(.text)
    _printf_char_common                      0x08000757   Thumb Code    32  _printf_char_common.o(.text)
    _sputc                                   0x0800077d   Thumb Code    10  _sputc.o(.text)
    __rt_locale                              0x08000789   Thumb Code     8  rt_locale_intlibspace.o(.text)
    __aeabi_errno_addr                       0x08000791   Thumb Code     8  rt_errno_addr_intlibspace.o(.text)
    __errno$intlibspace                      0x08000791   Thumb Code     0  rt_errno_addr_intlibspace.o(.text)
    __rt_errno_addr$intlibspace              0x08000791   Thumb Code     0  rt_errno_addr_intlibspace.o(.text)
    _ll_udiv10                               0x08000799   Thumb Code   138  lludiv10.o(.text)
    _printf_fp_infnan                        0x08000825   Thumb Code   112  _printf_fp_infnan.o(.text)
    _btod_etento                             0x080008a5   Thumb Code   216  bigflt0.o(.text)
    __user_libspace                          0x08000981   Thumb Code     8  libspace.o(.text)
    __user_perproc_libspace                  0x08000981   Thumb Code     0  libspace.o(.text)
    __user_perthread_libspace                0x08000981   Thumb Code     0  libspace.o(.text)
    __user_setup_stackheap                   0x08000989   Thumb Code    74  sys_stackheap_outer.o(.text)
    exit                                     0x080009d3   Thumb Code    18  exit.o(.text)
    strcmp                                   0x080009e5   Thumb Code   128  strcmpv7m.o(.text)
    _sys_exit                                0x08000a65   Thumb Code     8  sys_exit.o(.text)
    __I$use$semihosting                      0x08000a71   Thumb Code     0  use_no_semi.o(.text)
    __use_no_semihosting_swi                 0x08000a71   Thumb Code     2  use_no_semi.o(.text)
    __semihosting_library_function           0x08000a73   Thumb Code     0  indicate_semi.o(.text)
    _btod_d2e                                0x08000a73   Thumb Code    62  btod.o(CL$$btod_d2e)
    _d2e_denorm_low                          0x08000ab1   Thumb Code    70  btod.o(CL$$btod_d2e_denorm_low)
    _d2e_norm_op1                            0x08000af7   Thumb Code    96  btod.o(CL$$btod_d2e_norm_op1)
    __btod_div_common                        0x08000b57   Thumb Code   696  btod.o(CL$$btod_div_common)
    _e2e                                     0x08000e8f   Thumb Code   198  btod.o(CL$$btod_e2e)
    _btod_ediv                               0x08000f55   Thumb Code    40  btod.o(CL$$btod_ediv)
    _btod_emul                               0x08000f7d   Thumb Code    40  btod.o(CL$$btod_emul)
    __btod_mult_common                       0x08000fa5   Thumb Code   580  btod.o(CL$$btod_mult_common)
    ADC_Cmd                                  0x080011e9   Thumb Code    22  stm32f10x_adc.o(i.ADC_Cmd)
    ADC_Config                               0x08001201   Thumb Code   118  main.o(i.ADC_Config)
    ADC_GetCalibrationStatus                 0x0800127d   Thumb Code    20  stm32f10x_adc.o(i.ADC_GetCalibrationStatus)
    ADC_GetConversionValue                   0x08001291   Thumb Code     8  stm32f10x_adc.o(i.ADC_GetConversionValue)
    ADC_GetResetCalibrationStatus            0x08001299   Thumb Code    20  stm32f10x_adc.o(i.ADC_GetResetCalibrationStatus)
    ADC_Init                                 0x080012ad   Thumb Code    70  stm32f10x_adc.o(i.ADC_Init)
    ADC_RegularChannelConfig                 0x080012fd   Thumb Code   184  stm32f10x_adc.o(i.ADC_RegularChannelConfig)
    ADC_ResetCalibration                     0x080013b5   Thumb Code    10  stm32f10x_adc.o(i.ADC_ResetCalibration)
    ADC_SoftwareStartConvCmd                 0x080013bf   Thumb Code    22  stm32f10x_adc.o(i.ADC_SoftwareStartConvCmd)
    ADC_StartCalibration                     0x080013d5   Thumb Code    10  stm32f10x_adc.o(i.ADC_StartCalibration)
    ADC_to_Voltage                           0x080013e1   Thumb Code    28  main.o(i.ADC_to_Voltage)
    Buzzer_SetFrequency                      0x08001405   Thumb Code   108  main.o(i.Buzzer_SetFrequency)
    Buzzer_Stop                              0x08001475   Thumb Code    14  main.o(i.Buzzer_Stop)
    Calculate_PPM                            0x08001485   Thumb Code    54  main.o(i.Calculate_PPM)
    Calculate_RS                             0x080014c9   Thumb Code    44  main.o(i.Calculate_RS)
    DelayInit                                0x08001501   Thumb Code    86  main.o(i.DelayInit)
    DelayMs                                  0x08001569   Thumb Code    24  main.o(i.DelayMs)
    DelayUs                                  0x08001581   Thumb Code    16  main.o(i.DelayUs)
    GPIO_Config                              0x08001595   Thumb Code    56  main.o(i.GPIO_Config)
    GPIO_Init                                0x080015d5   Thumb Code   278  stm32f10x_gpio.o(i.GPIO_Init)
    GPIO_ResetBits                           0x080016eb   Thumb Code     4  stm32f10x_gpio.o(i.GPIO_ResetBits)
    GPIO_SetBits                             0x080016ef   Thumb Code     4  stm32f10x_gpio.o(i.GPIO_SetBits)
    GPIO_WriteBit                            0x080016f3   Thumb Code    10  stm32f10x_gpio.o(i.GPIO_WriteBit)
    LCD_Clear                                0x080016fd   Thumb Code    16  main.o(i.LCD_Clear)
    LCD_Enable                               0x0800170d   Thumb Code    36  main.o(i.LCD_Enable)
    LCD_Gotoxy                               0x08001735   Thumb Code    28  main.o(i.LCD_Gotoxy)
    LCD_Init                                 0x08001751   Thumb Code    66  main.o(i.LCD_Init)
    LCD_PutChar                              0x08001795   Thumb Code    48  main.o(i.LCD_PutChar)
    LCD_Puts                                 0x080017c9   Thumb Code    22  main.o(i.LCD_Puts)
    LCD_Send4Bit                             0x080017e1   Thumb Code    62  main.o(i.LCD_Send4Bit)
    LCD_SendCommand                          0x08001825   Thumb Code    48  main.o(i.LCD_SendCommand)
    PWM_Buzzer_Init                          0x08001859   Thumb Code    46  main.o(i.PWM_Buzzer_Init)
    RCC_APB1PeriphClockCmd                   0x0800188d   Thumb Code    26  stm32f10x_rcc.o(i.RCC_APB1PeriphClockCmd)
    RCC_APB2PeriphClockCmd                   0x080018ad   Thumb Code    26  stm32f10x_rcc.o(i.RCC_APB2PeriphClockCmd)
    Read_Gas_Value                           0x080018cd   Thumb Code    10  main.o(i.Read_Gas_Value)
    SysTick_Handler                          0x080019c5   Thumb Code    18  main.o(i.SysTick_Handler)
    SystemCoreClockUpdate                    0x080019dd   Thumb Code   142  system_stm32f10x.o(i.SystemCoreClockUpdate)
    SystemInit                               0x08001a81   Thumb Code    78  system_stm32f10x.o(i.SystemInit)
    TIM_Cmd                                  0x08001ae1   Thumb Code    24  stm32f10x_tim.o(i.TIM_Cmd)
    TIM_OC2Init                              0x08001af9   Thumb Code   154  stm32f10x_tim.o(i.TIM_OC2Init)
    TIM_OC2PreloadConfig                     0x08001b9d   Thumb Code    26  stm32f10x_tim.o(i.TIM_OC2PreloadConfig)
    TIM_TimeBaseInit                         0x08001bb9   Thumb Code   122  stm32f10x_tim.o(i.TIM_TimeBaseInit)
    __ARM_fpclassify                         0x08001c5d   Thumb Code    40  fpclassify.o(i.__ARM_fpclassify)
    __kernel_poly                            0x08001c85   Thumb Code   170  poly.o(i.__kernel_poly)
    __mathlib_dbl_divzero                    0x08001d31   Thumb Code    12  dunder.o(i.__mathlib_dbl_divzero)
    __mathlib_dbl_infnan2                    0x08001d41   Thumb Code     4  dunder.o(i.__mathlib_dbl_infnan2)
    __mathlib_dbl_invalid                    0x08001d45   Thumb Code    12  dunder.o(i.__mathlib_dbl_invalid)
    __mathlib_dbl_overflow                   0x08001d51   Thumb Code    14  dunder.o(i.__mathlib_dbl_overflow)
    __mathlib_dbl_underflow                  0x08001d61   Thumb Code    10  dunder.o(i.__mathlib_dbl_underflow)
    _is_digit                                0x08001d71   Thumb Code    14  __printf_wp.o(i._is_digit)
    main                                     0x08001d81   Thumb Code   260  main.o(i.main)
    pow                                      0x08001ebd   Thumb Code  2512  pow.o(i.pow)
    sqrt                                     0x08002895   Thumb Code    76  sqrt.o(i.sqrt)
    _get_lc_numeric                          0x080028e1   Thumb Code    44  lc_numeric_c.o(locale$$code)
    __aeabi_d2f                              0x0800290d   Thumb Code     0  d2f.o(x$fpl$d2f)
    _d2f                                     0x0800290d   Thumb Code    98  d2f.o(x$fpl$d2f)
    __aeabi_dadd                             0x08002971   Thumb Code     0  daddsub_clz.o(x$fpl$dadd)
    _dadd                                    0x08002971   Thumb Code   332  daddsub_clz.o(x$fpl$dadd)
    __fpl_dcheck_NaN1                        0x08002ac1   Thumb Code    10  dcheck1.o(x$fpl$dcheck1)
    __fpl_dcmp_Inf                           0x08002ad1   Thumb Code    24  dcmpi.o(x$fpl$dcmpinf)
    __aeabi_ddiv                             0x08002ae9   Thumb Code     0  ddiv.o(x$fpl$ddiv)
    _ddiv                                    0x08002ae9   Thumb Code   552  ddiv.o(x$fpl$ddiv)
    __aeabi_i2d                              0x08002d99   Thumb Code     0  dflt_clz.o(x$fpl$dflt)
    _dflt                                    0x08002d99   Thumb Code    46  dflt_clz.o(x$fpl$dflt)
    __aeabi_cdcmple                          0x08002dc9   Thumb Code     0  dleqf.o(x$fpl$dleqf)
    _dcmple                                  0x08002dc9   Thumb Code   120  dleqf.o(x$fpl$dleqf)
    __fpl_dcmple_InfNaN                      0x08002e2b   Thumb Code     0  dleqf.o(x$fpl$dleqf)
    __aeabi_dmul                             0x08002e41   Thumb Code     0  dmul.o(x$fpl$dmul)
    _dmul                                    0x08002e41   Thumb Code   332  dmul.o(x$fpl$dmul)
    __fpl_dnaninf                            0x08002f95   Thumb Code   156  dnaninf.o(x$fpl$dnaninf)
    __fpl_dretinf                            0x08003031   Thumb Code    12  dretinf.o(x$fpl$dretinf)
    __aeabi_cdrcmple                         0x0800303d   Thumb Code     0  drleqf.o(x$fpl$drleqf)
    _drcmple                                 0x0800303d   Thumb Code   108  drleqf.o(x$fpl$drleqf)
    __aeabi_drsub                            0x080030a9   Thumb Code     0  daddsub_clz.o(x$fpl$drsb)
    _drsb                                    0x080030a9   Thumb Code    22  daddsub_clz.o(x$fpl$drsb)
    _dsqrt                                   0x080030c1   Thumb Code   456  dsqrt_noumaal.o(x$fpl$dsqrt)
    __aeabi_dsub                             0x0800328d   Thumb Code     0  daddsub_clz.o(x$fpl$dsub)
    _dsub                                    0x0800328d   Thumb Code   464  daddsub_clz.o(x$fpl$dsub)
    __aeabi_f2d                              0x08003461   Thumb Code     0  f2d.o(x$fpl$f2d)
    _f2d                                     0x08003461   Thumb Code    86  f2d.o(x$fpl$f2d)
    __aeabi_fadd                             0x080034b9   Thumb Code     0  faddsub_clz.o(x$fpl$fadd)
    _fadd                                    0x080034b9   Thumb Code   196  faddsub_clz.o(x$fpl$fadd)
    __fpl_fcmp_Inf                           0x0800357d   Thumb Code    24  fcmpi.o(x$fpl$fcmpinf)
    __aeabi_fdiv                             0x08003595   Thumb Code     0  fdiv.o(x$fpl$fdiv)
    _fdiv                                    0x08003595   Thumb Code   384  fdiv.o(x$fpl$fdiv)
    __aeabi_cfcmpeq                          0x08003719   Thumb Code     0  feqf.o(x$fpl$feqf)
    _fcmpeq                                  0x08003719   Thumb Code   104  feqf.o(x$fpl$feqf)
    __aeabi_ui2f                             0x08003781   Thumb Code     0  fflt_clz.o(x$fpl$ffltu)
    _ffltu                                   0x08003781   Thumb Code    38  fflt_clz.o(x$fpl$ffltu)
    __aeabi_cfcmple                          0x080037a9   Thumb Code     0  fleqf.o(x$fpl$fleqf)
    _fcmple                                  0x080037a9   Thumb Code   104  fleqf.o(x$fpl$fleqf)
    __fpl_fcmple_InfNaN                      0x080037fb   Thumb Code     0  fleqf.o(x$fpl$fleqf)
    __aeabi_fmul                             0x08003811   Thumb Code     0  fmul.o(x$fpl$fmul)
    _fmul                                    0x08003811   Thumb Code   258  fmul.o(x$fpl$fmul)
    __fpl_fnaninf                            0x08003913   Thumb Code   140  fnaninf.o(x$fpl$fnaninf)
    __fpl_fretinf                            0x0800399f   Thumb Code    10  fretinf.o(x$fpl$fretinf)
    __aeabi_cfrcmple                         0x080039a9   Thumb Code     0  frleqf.o(x$fpl$frleqf)
    _frcmple                                 0x080039a9   Thumb Code    98  frleqf.o(x$fpl$frleqf)
    __aeabi_frsub                            0x08003a0b   Thumb Code     0  faddsub_clz.o(x$fpl$frsb)
    _frsb                                    0x08003a0b   Thumb Code    20  faddsub_clz.o(x$fpl$frsb)
    __aeabi_fsub                             0x08003a21   Thumb Code     0  faddsub_clz.o(x$fpl$fsub)
    _fsub                                    0x08003a21   Thumb Code   234  faddsub_clz.o(x$fpl$fsub)
    _printf_fp_dec                           0x08003b0b   Thumb Code     4  printf1.o(x$fpl$printf1)
    __fpl_return_NaN                         0x08003b0f   Thumb Code   100  retnan.o(x$fpl$retnan)
    __ARM_scalbn                             0x08003b73   Thumb Code    92  scalbn.o(x$fpl$scalbn)
    __fpl_cmpreturn                          0x08003bcf   Thumb Code    48  trapv.o(x$fpl$trapveneer)
    __I$use$fp                               0x08003bfe   Number         0  usenofp.o(x$fpl$usenofp)
    __mathlib_zero                           0x08003c88   Data           8  qnan.o(.constdata)
    Region$$Table$$Base                      0x08003d24   Number         0  anon$$obj.o(Region$$Table)
    Region$$Table$$Limit                     0x08003d44   Number         0  anon$$obj.o(Region$$Table)
    SystemCoreClock                          0x20000004   Data           4  system_stm32f10x.o(.data)
    AHBPrescTable                            0x20000008   Data          16  system_stm32f10x.o(.data)
    __libspace_start                         0x20000018   Data          96  libspace.o(.bss)
    __temporary_stack_top$libspace           0x20000078   Data           0  libspace.o(.bss)



==============================================================================

Memory Map of the image

  Image Entry point : 0x080001a1

  Load Region LR_1 (Base: 0x08000000, Size: 0x00003d78, Max: 0xffffffff, ABSOLUTE)

    Execution Region ER_RO (Base: 0x08000000, Size: 0x00003d60, Max: 0xffffffff, ABSOLUTE)

    Base Addr    Size         Type   Attr      Idx    E Section Name        Object

    0x08000000   0x000000ec   Data   RO         1327    RESET               startup_stm32f10x_md.o
    0x080000ec   0x00000008   Code   RO         1399  * !!!main             c_w.l(__main.o)
    0x080000f4   0x00000034   Code   RO         1725    !!!scatter          c_w.l(__scatter.o)
    0x08000128   0x0000001a   Code   RO         1727    !!handler_copy      c_w.l(__scatter_copy.o)
    0x08000142   0x00000002   PAD
    0x08000144   0x0000001c   Code   RO         1729    !!handler_zi        c_w.l(__scatter_zi.o)
    0x08000160   0x00000000   Code   RO         1396    .ARM.Collect$$_printf_percent$$00000000  c_w.l(_printf_percent.o)
    0x08000160   0x00000006   Code   RO         1395    .ARM.Collect$$_printf_percent$$00000003  c_w.l(_printf_f.o)
    0x08000166   0x00000004   Code   RO         1450    .ARM.Collect$$_printf_percent$$00000017  c_w.l(_printf_percent_end.o)
    0x0800016a   0x00000002   Code   RO         1592    .ARM.Collect$$libinit$$00000000  c_w.l(libinit.o)
    0x0800016c   0x00000000   Code   RO         1594    .ARM.Collect$$libinit$$00000002  c_w.l(libinit2.o)
    0x0800016c   0x00000000   Code   RO         1596    .ARM.Collect$$libinit$$00000004  c_w.l(libinit2.o)
    0x0800016c   0x00000000   Code   RO         1599    .ARM.Collect$$libinit$$0000000A  c_w.l(libinit2.o)
    0x0800016c   0x00000000   Code   RO         1601    .ARM.Collect$$libinit$$0000000C  c_w.l(libinit2.o)
    0x0800016c   0x00000000   Code   RO         1603    .ARM.Collect$$libinit$$0000000E  c_w.l(libinit2.o)
    0x0800016c   0x00000006   Code   RO         1604    .ARM.Collect$$libinit$$0000000F  c_w.l(libinit2.o)
    0x08000172   0x00000000   Code   RO         1606    .ARM.Collect$$libinit$$00000011  c_w.l(libinit2.o)
    0x08000172   0x00000000   Code   RO         1608    .ARM.Collect$$libinit$$00000013  c_w.l(libinit2.o)
    0x08000172   0x00000000   Code   RO         1610    .ARM.Collect$$libinit$$00000015  c_w.l(libinit2.o)
    0x08000172   0x0000000a   Code   RO         1611    .ARM.Collect$$libinit$$00000016  c_w.l(libinit2.o)
    0x0800017c   0x00000000   Code   RO         1612    .ARM.Collect$$libinit$$00000017  c_w.l(libinit2.o)
    0x0800017c   0x00000000   Code   RO         1614    .ARM.Collect$$libinit$$00000019  c_w.l(libinit2.o)
    0x0800017c   0x00000000   Code   RO         1616    .ARM.Collect$$libinit$$0000001B  c_w.l(libinit2.o)
    0x0800017c   0x00000000   Code   RO         1618    .ARM.Collect$$libinit$$0000001D  c_w.l(libinit2.o)
    0x0800017c   0x00000000   Code   RO         1620    .ARM.Collect$$libinit$$0000001F  c_w.l(libinit2.o)
    0x0800017c   0x00000000   Code   RO         1622    .ARM.Collect$$libinit$$00000021  c_w.l(libinit2.o)
    0x0800017c   0x00000000   Code   RO         1624    .ARM.Collect$$libinit$$00000023  c_w.l(libinit2.o)
    0x0800017c   0x00000000   Code   RO         1626    .ARM.Collect$$libinit$$00000025  c_w.l(libinit2.o)
    0x0800017c   0x00000000   Code   RO         1630    .ARM.Collect$$libinit$$0000002C  c_w.l(libinit2.o)
    0x0800017c   0x00000000   Code   RO         1632    .ARM.Collect$$libinit$$0000002E  c_w.l(libinit2.o)
    0x0800017c   0x00000000   Code   RO         1634    .ARM.Collect$$libinit$$00000030  c_w.l(libinit2.o)
    0x0800017c   0x00000000   Code   RO         1636    .ARM.Collect$$libinit$$00000032  c_w.l(libinit2.o)
    0x0800017c   0x00000002   Code   RO         1637    .ARM.Collect$$libinit$$00000033  c_w.l(libinit2.o)
    0x0800017e   0x00000002   Code   RO         1673    .ARM.Collect$$libshutdown$$00000000  c_w.l(libshutdown.o)
    0x08000180   0x00000000   Code   RO         1684    .ARM.Collect$$libshutdown$$00000002  c_w.l(libshutdown2.o)
    0x08000180   0x00000000   Code   RO         1686    .ARM.Collect$$libshutdown$$00000004  c_w.l(libshutdown2.o)
    0x08000180   0x00000000   Code   RO         1689    .ARM.Collect$$libshutdown$$00000007  c_w.l(libshutdown2.o)
    0x08000180   0x00000000   Code   RO         1692    .ARM.Collect$$libshutdown$$0000000A  c_w.l(libshutdown2.o)
    0x08000180   0x00000000   Code   RO         1694    .ARM.Collect$$libshutdown$$0000000C  c_w.l(libshutdown2.o)
    0x08000180   0x00000000   Code   RO         1697    .ARM.Collect$$libshutdown$$0000000F  c_w.l(libshutdown2.o)
    0x08000180   0x00000002   Code   RO         1698    .ARM.Collect$$libshutdown$$00000010  c_w.l(libshutdown2.o)
    0x08000182   0x00000000   Code   RO         1441    .ARM.Collect$$rtentry$$00000000  c_w.l(__rtentry.o)
    0x08000182   0x00000000   Code   RO         1512    .ARM.Collect$$rtentry$$00000002  c_w.l(__rtentry2.o)
    0x08000182   0x00000006   Code   RO         1524    .ARM.Collect$$rtentry$$00000004  c_w.l(__rtentry4.o)
    0x08000188   0x00000000   Code   RO         1514    .ARM.Collect$$rtentry$$00000009  c_w.l(__rtentry2.o)
    0x08000188   0x00000004   Code   RO         1515    .ARM.Collect$$rtentry$$0000000A  c_w.l(__rtentry2.o)
    0x0800018c   0x00000000   Code   RO         1517    .ARM.Collect$$rtentry$$0000000C  c_w.l(__rtentry2.o)
    0x0800018c   0x00000008   Code   RO         1518    .ARM.Collect$$rtentry$$0000000D  c_w.l(__rtentry2.o)
    0x08000194   0x00000002   Code   RO         1642    .ARM.Collect$$rtexit$$00000000  c_w.l(rtexit.o)
    0x08000196   0x00000000   Code   RO         1651    .ARM.Collect$$rtexit$$00000002  c_w.l(rtexit2.o)
    0x08000196   0x00000004   Code   RO         1652    .ARM.Collect$$rtexit$$00000003  c_w.l(rtexit2.o)
    0x0800019a   0x00000006   Code   RO         1653    .ARM.Collect$$rtexit$$00000004  c_w.l(rtexit2.o)
    0x080001a0   0x00000040   Code   RO         1328  * .text               startup_stm32f10x_md.o
    0x080001e0   0x00000028   Code   RO         1371    .text               c_w.l(noretval__2sprintf.o)
    0x08000208   0x0000010e   Code   RO         1383    .text               c_w.l(__printf_wp.o)
    0x08000316   0x00000006   Code   RO         1397    .text               c_w.l(heapauxi.o)
    0x0800031c   0x00000016   Code   RO         1442    .text               c_w.l(_rserrno.o)
    0x08000332   0x0000041a   Code   RO         1444    .text               c_w.l(_printf_fp_dec.o)
    0x0800074c   0x00000030   Code   RO         1446    .text               c_w.l(_printf_char_common.o)
    0x0800077c   0x0000000a   Code   RO         1448    .text               c_w.l(_sputc.o)
    0x08000786   0x00000002   PAD
    0x08000788   0x00000008   Code   RO         1529    .text               c_w.l(rt_locale_intlibspace.o)
    0x08000790   0x00000008   Code   RO         1534    .text               c_w.l(rt_errno_addr_intlibspace.o)
    0x08000798   0x0000008a   Code   RO         1536    .text               c_w.l(lludiv10.o)
    0x08000822   0x00000002   PAD
    0x08000824   0x00000080   Code   RO         1538    .text               c_w.l(_printf_fp_infnan.o)
    0x080008a4   0x000000dc   Code   RO         1542    .text               c_w.l(bigflt0.o)
    0x08000980   0x00000008   Code   RO         1578    .text               c_w.l(libspace.o)
    0x08000988   0x0000004a   Code   RO         1581    .text               c_w.l(sys_stackheap_outer.o)
    0x080009d2   0x00000012   Code   RO         1583    .text               c_w.l(exit.o)
    0x080009e4   0x00000080   Code   RO         1585    .text               c_w.l(strcmpv7m.o)
    0x08000a64   0x0000000c   Code   RO         1663    .text               c_w.l(sys_exit.o)
    0x08000a70   0x00000002   Code   RO         1674    .text               c_w.l(use_no_semi.o)
    0x08000a72   0x00000000   Code   RO         1676    .text               c_w.l(indicate_semi.o)
    0x08000a72   0x0000003e   Code   RO         1545    CL$$btod_d2e        c_w.l(btod.o)
    0x08000ab0   0x00000046   Code   RO         1547    CL$$btod_d2e_denorm_low  c_w.l(btod.o)
    0x08000af6   0x00000060   Code   RO         1546    CL$$btod_d2e_norm_op1  c_w.l(btod.o)
    0x08000b56   0x00000338   Code   RO         1555    CL$$btod_div_common  c_w.l(btod.o)
    0x08000e8e   0x000000c6   Code   RO         1552    CL$$btod_e2e        c_w.l(btod.o)
    0x08000f54   0x00000028   Code   RO         1549    CL$$btod_ediv       c_w.l(btod.o)
    0x08000f7c   0x00000028   Code   RO         1548    CL$$btod_emul       c_w.l(btod.o)
    0x08000fa4   0x00000244   Code   RO         1554    CL$$btod_mult_common  c_w.l(btod.o)
    0x080011e8   0x00000016   Code   RO          409    i.ADC_Cmd           stm32f10x_adc.o
    0x080011fe   0x00000002   PAD
    0x08001200   0x0000007c   Code   RO         1173    i.ADC_Config        main.o
    0x0800127c   0x00000014   Code   RO          417    i.ADC_GetCalibrationStatus  stm32f10x_adc.o
    0x08001290   0x00000008   Code   RO          418    i.ADC_GetConversionValue  stm32f10x_adc.o
    0x08001298   0x00000014   Code   RO          423    i.ADC_GetResetCalibrationStatus  stm32f10x_adc.o
    0x080012ac   0x00000050   Code   RO          427    i.ADC_Init          stm32f10x_adc.o
    0x080012fc   0x000000b8   Code   RO          431    i.ADC_RegularChannelConfig  stm32f10x_adc.o
    0x080013b4   0x0000000a   Code   RO          432    i.ADC_ResetCalibration  stm32f10x_adc.o
    0x080013be   0x00000016   Code   RO          434    i.ADC_SoftwareStartConvCmd  stm32f10x_adc.o
    0x080013d4   0x0000000a   Code   RO          436    i.ADC_StartCalibration  stm32f10x_adc.o
    0x080013de   0x00000002   PAD
    0x080013e0   0x00000024   Code   RO         1174    i.ADC_to_Voltage    main.o
    0x08001404   0x00000070   Code   RO         1175    i.Buzzer_SetFrequency  main.o
    0x08001474   0x0000000e   Code   RO         1176    i.Buzzer_Stop       main.o
    0x08001482   0x00000002   PAD
    0x08001484   0x00000044   Code   RO         1177    i.Calculate_PPM     main.o
    0x080014c8   0x00000038   Code   RO         1178    i.Calculate_RS      main.o
    0x08001500   0x00000068   Code   RO         1179    i.DelayInit         main.o
    0x08001568   0x00000018   Code   RO         1180    i.DelayMs           main.o
    0x08001580   0x00000014   Code   RO         1181    i.DelayUs           main.o
    0x08001594   0x00000040   Code   RO         1182    i.GPIO_Config       main.o
    0x080015d4   0x00000116   Code   RO            7    i.GPIO_Init         stm32f10x_gpio.o
    0x080016ea   0x00000004   Code   RO           14    i.GPIO_ResetBits    stm32f10x_gpio.o
    0x080016ee   0x00000004   Code   RO           15    i.GPIO_SetBits      stm32f10x_gpio.o
    0x080016f2   0x0000000a   Code   RO           18    i.GPIO_WriteBit     stm32f10x_gpio.o
    0x080016fc   0x00000010   Code   RO         1183    i.LCD_Clear         main.o
    0x0800170c   0x00000028   Code   RO         1184    i.LCD_Enable        main.o
    0x08001734   0x0000001c   Code   RO         1185    i.LCD_Gotoxy        main.o
    0x08001750   0x00000042   Code   RO         1186    i.LCD_Init          main.o
    0x08001792   0x00000002   PAD
    0x08001794   0x00000034   Code   RO         1187    i.LCD_PutChar       main.o
    0x080017c8   0x00000016   Code   RO         1188    i.LCD_Puts          main.o
    0x080017de   0x00000002   PAD
    0x080017e0   0x00000044   Code   RO         1189    i.LCD_Send4Bit      main.o
    0x08001824   0x00000034   Code   RO         1190    i.LCD_SendCommand   main.o
    0x08001858   0x00000034   Code   RO         1191    i.PWM_Buzzer_Init   main.o
    0x0800188c   0x00000020   Code   RO          205    i.RCC_APB1PeriphClockCmd  stm32f10x_rcc.o
    0x080018ac   0x00000020   Code   RO          207    i.RCC_APB2PeriphClockCmd  stm32f10x_rcc.o
    0x080018cc   0x00000010   Code   RO         1192    i.Read_Gas_Value    main.o
    0x080018dc   0x00000008   Code   RO         1333    i.SetSysClock       system_stm32f10x.o
    0x080018e4   0x000000e0   Code   RO         1334    i.SetSysClockTo72   system_stm32f10x.o
    0x080019c4   0x00000018   Code   RO         1193    i.SysTick_Handler   main.o
    0x080019dc   0x000000a4   Code   RO         1335    i.SystemCoreClockUpdate  system_stm32f10x.o
    0x08001a80   0x00000060   Code   RO         1336    i.SystemInit        system_stm32f10x.o
    0x08001ae0   0x00000018   Code   RO          641    i.TIM_Cmd           stm32f10x_tim.o
    0x08001af8   0x000000a4   Code   RO          675    i.TIM_OC2Init       stm32f10x_tim.o
    0x08001b9c   0x0000001a   Code   RO          678    i.TIM_OC2PreloadConfig  stm32f10x_tim.o
    0x08001bb6   0x00000002   PAD
    0x08001bb8   0x000000a4   Code   RO          712    i.TIM_TimeBaseInit  stm32f10x_tim.o
    0x08001c5c   0x00000028   Code   RO         1498    i.__ARM_fpclassify  m_ws.l(fpclassify.o)
    0x08001c84   0x000000aa   Code   RO         1500    i.__kernel_poly     m_ws.l(poly.o)
    0x08001d2e   0x00000002   PAD
    0x08001d30   0x00000010   Code   RO         1484    i.__mathlib_dbl_divzero  m_ws.l(dunder.o)
    0x08001d40   0x00000004   Code   RO         1486    i.__mathlib_dbl_infnan2  m_ws.l(dunder.o)
    0x08001d44   0x0000000c   Code   RO         1487    i.__mathlib_dbl_invalid  m_ws.l(dunder.o)
    0x08001d50   0x0000000e   Code   RO         1488    i.__mathlib_dbl_overflow  m_ws.l(dunder.o)
    0x08001d5e   0x00000002   PAD
    0x08001d60   0x00000010   Code   RO         1490    i.__mathlib_dbl_underflow  m_ws.l(dunder.o)
    0x08001d70   0x0000000e   Code   RO         1385    i._is_digit         c_w.l(__printf_wp.o)
    0x08001d7e   0x00000002   PAD
    0x08001d80   0x0000013c   Code   RO         1194    i.main              main.o
    0x08001ebc   0x000009d8   Code   RO         1432    i.pow               m_ws.l(pow.o)
    0x08002894   0x0000004c   Code   RO         1504    i.sqrt              m_ws.l(sqrt.o)
    0x080028e0   0x0000002c   Code   RO         1568    locale$$code        c_w.l(lc_numeric_c.o)
    0x0800290c   0x00000062   Code   RO         1401    x$fpl$d2f           fz_ws.l(d2f.o)
    0x0800296e   0x00000002   PAD
    0x08002970   0x00000150   Code   RO         1451    x$fpl$dadd          fz_ws.l(daddsub_clz.o)
    0x08002ac0   0x00000010   Code   RO         1570    x$fpl$dcheck1       fz_ws.l(dcheck1.o)
    0x08002ad0   0x00000018   Code   RO         1638    x$fpl$dcmpinf       fz_ws.l(dcmpi.o)
    0x08002ae8   0x000002b0   Code   RO         1458    x$fpl$ddiv          fz_ws.l(ddiv.o)
    0x08002d98   0x0000002e   Code   RO         1462    x$fpl$dflt          fz_ws.l(dflt_clz.o)
    0x08002dc6   0x00000002   PAD
    0x08002dc8   0x00000078   Code   RO         1572    x$fpl$dleqf         fz_ws.l(dleqf.o)
    0x08002e40   0x00000154   Code   RO         1403    x$fpl$dmul          fz_ws.l(dmul.o)
    0x08002f94   0x0000009c   Code   RO         1467    x$fpl$dnaninf       fz_ws.l(dnaninf.o)
    0x08003030   0x0000000c   Code   RO         1469    x$fpl$dretinf       fz_ws.l(dretinf.o)
    0x0800303c   0x0000006c   Code   RO         1471    x$fpl$drleqf        fz_ws.l(drleqf.o)
    0x080030a8   0x00000016   Code   RO         1452    x$fpl$drsb          fz_ws.l(daddsub_clz.o)
    0x080030be   0x00000002   PAD
    0x080030c0   0x000001cc   Code   RO         1574    x$fpl$dsqrt         fz_ws.l(dsqrt_noumaal.o)
    0x0800328c   0x000001d4   Code   RO         1453    x$fpl$dsub          fz_ws.l(daddsub_clz.o)
    0x08003460   0x00000056   Code   RO         1405    x$fpl$f2d           fz_ws.l(f2d.o)
    0x080034b6   0x00000002   PAD
    0x080034b8   0x000000c4   Code   RO         1407    x$fpl$fadd          fz_ws.l(faddsub_clz.o)
    0x0800357c   0x00000018   Code   RO         1473    x$fpl$fcmpinf       fz_ws.l(fcmpi.o)
    0x08003594   0x00000184   Code   RO         1414    x$fpl$fdiv          fz_ws.l(fdiv.o)
    0x08003718   0x00000068   Code   RO         1417    x$fpl$feqf          fz_ws.l(feqf.o)
    0x08003780   0x00000026   Code   RO         1419    x$fpl$ffltu         fz_ws.l(fflt_clz.o)
    0x080037a6   0x00000002   PAD
    0x080037a8   0x00000068   Code   RO         1475    x$fpl$fleqf         fz_ws.l(fleqf.o)
    0x08003810   0x00000102   Code   RO         1425    x$fpl$fmul          fz_ws.l(fmul.o)
    0x08003912   0x0000008c   Code   RO         1477    x$fpl$fnaninf       fz_ws.l(fnaninf.o)
    0x0800399e   0x0000000a   Code   RO         1479    x$fpl$fretinf       fz_ws.l(fretinf.o)
    0x080039a8   0x00000062   Code   RO         1427    x$fpl$frleqf        fz_ws.l(frleqf.o)
    0x08003a0a   0x00000014   Code   RO         1408    x$fpl$frsb          fz_ws.l(faddsub_clz.o)
    0x08003a1e   0x00000002   PAD
    0x08003a20   0x000000ea   Code   RO         1409    x$fpl$fsub          fz_ws.l(faddsub_clz.o)
    0x08003b0a   0x00000004   Code   RO         1429    x$fpl$printf1       fz_ws.l(printf1.o)
    0x08003b0e   0x00000064   Code   RO         1640    x$fpl$retnan        fz_ws.l(retnan.o)
    0x08003b72   0x0000005c   Code   RO         1481    x$fpl$scalbn        fz_ws.l(scalbn.o)
    0x08003bce   0x00000030   Code   RO         1648    x$fpl$trapveneer    fz_ws.l(trapv.o)
    0x08003bfe   0x00000000   Code   RO         1483    x$fpl$usenofp       fz_ws.l(usenofp.o)
    0x08003bfe   0x00000002   PAD
    0x08003c00   0x00000088   Data   RO         1433    .constdata          m_ws.l(pow.o)
    0x08003c88   0x00000008   Data   RO         1502    .constdata          m_ws.l(qnan.o)
    0x08003c90   0x00000094   Data   RO         1543    .constdata          c_w.l(bigflt0.o)
    0x08003d24   0x00000020   Data   RO         1723    Region$$Table       anon$$obj.o
    0x08003d44   0x0000001c   Data   RO         1567    locale$$data        c_w.l(lc_numeric_c.o)


    Execution Region ER_RW (Base: 0x20000000, Size: 0x00000018, Max: 0xffffffff, ABSOLUTE)

    Base Addr    Size         Type   Attr      Idx    E Section Name        Object

    0x20000000   0x00000004   Data   RW         1195    .data               main.o
    0x20000004   0x00000014   Data   RW         1337    .data               system_stm32f10x.o


    Execution Region ER_ZI (Base: 0x20000018, Size: 0x00000660, Max: 0xffffffff, ABSOLUTE)

    Base Addr    Size         Type   Attr      Idx    E Section Name        Object

    0x20000018   0x00000060   Zero   RW         1579    .bss                c_w.l(libspace.o)
    0x20000078   0x00000200   Zero   RW         1326    HEAP                startup_stm32f10x_md.o
    0x20000278   0x00000400   Zero   RW         1325    STACK               startup_stm32f10x_md.o


==============================================================================

Image component sizes


      Code (inc. data)   RO Data    RW Data    ZI Data      Debug   Object Name

      1374        166          0          4          0      26405   main.o
        64         26        236          0       1536        832   startup_stm32f10x_md.o
       376         10          0          0          0       7405   stm32f10x_adc.o
       296          0          0          0          0     247784   stm32f10x_gpio.o
        64         12          0          0          0       1138   stm32f10x_rcc.o
       378         52          0          0          0       3050   stm32f10x_tim.o
       492         50          0         20          0       2797   system_stm32f10x.o

    ----------------------------------------------------------------------
      3056        316        268         24       1536     289411   Object Totals
         0          0         32          0          0          0   (incl. Generated)
        12          0          0          0          0          0   (incl. Padding)

    ----------------------------------------------------------------------

      Code (inc. data)   RO Data    RW Data    ZI Data      Debug   Library Member Name

         8          0          0          0          0         68   __main.o
       284          0          0          0          0        156   __printf_wp.o
         0          0          0          0          0          0   __rtentry.o
        12          0          0          0          0          0   __rtentry2.o
         6          0          0          0          0          0   __rtentry4.o
        52          8          0          0          0          0   __scatter.o
        26          0          0          0          0          0   __scatter_copy.o
        28          0          0          0          0          0   __scatter_zi.o
        48          6          0          0          0         96   _printf_char_common.o
         6          0          0          0          0          0   _printf_f.o
      1050          0          0          0          0        216   _printf_fp_dec.o
       128         16          0          0          0         84   _printf_fp_infnan.o
         0          0          0          0          0          0   _printf_percent.o
         4          0          0          0          0          0   _printf_percent_end.o
        22          0          0          0          0        100   _rserrno.o
        10          0          0          0          0         68   _sputc.o
       220          4        148          0          0         96   bigflt0.o
      1910        128          0          0          0        672   btod.o
        18          0          0          0          0         80   exit.o
         6          0          0          0          0        152   heapauxi.o
         0          0          0          0          0          0   indicate_semi.o
        44         10         28          0          0         76   lc_numeric_c.o
         2          0          0          0          0          0   libinit.o
        18          0          0          0          0          0   libinit2.o
         2          0          0          0          0          0   libshutdown.o
         2          0          0          0          0          0   libshutdown2.o
         8          4          0          0         96         68   libspace.o
       138          0          0          0          0         80   lludiv10.o
        40          6          0          0          0         84   noretval__2sprintf.o
         8          4          0          0          0         68   rt_errno_addr_intlibspace.o
         8          4          0          0          0         68   rt_locale_intlibspace.o
         2          0          0          0          0          0   rtexit.o
        10          0          0          0          0          0   rtexit2.o
       128          0          0          0          0         68   strcmpv7m.o
        12          4          0          0          0         68   sys_exit.o
        74          0          0          0          0         80   sys_stackheap_outer.o
         2          0          0          0          0         68   use_no_semi.o
        98          4          0          0          0         92   d2f.o
       826         16          0          0          0        348   daddsub_clz.o
        16          4          0          0          0         68   dcheck1.o
        24          0          0          0          0         68   dcmpi.o
       688        140          0          0          0        208   ddiv.o
        46          0          0          0          0         68   dflt_clz.o
       120          4          0          0          0         92   dleqf.o
       340         12          0          0          0        104   dmul.o
       156          4          0          0          0         92   dnaninf.o
        12          0          0          0          0         68   dretinf.o
       108          0          0          0          0         80   drleqf.o
       460         56          0          0          0        120   dsqrt_noumaal.o
        86          4          0          0          0         84   f2d.o
       450          8          0          0          0        236   faddsub_clz.o
        24          0          0          0          0         68   fcmpi.o
       388         76          0          0          0         96   fdiv.o
       104          4          0          0          0         84   feqf.o
        38          0          0          0          0         68   fflt_clz.o
       104          4          0          0          0         84   fleqf.o
       258          4          0          0          0         84   fmul.o
       140          4          0          0          0         84   fnaninf.o
        10          0          0          0          0         68   fretinf.o
        98          0          0          0          0         68   frleqf.o
         4          0          0          0          0         68   printf1.o
       100          0          0          0          0         68   retnan.o
        92          0          0          0          0         68   scalbn.o
        48          0          0          0          0         68   trapv.o
         0          0          0          0          0          0   usenofp.o
        62         10          0          0          0        340   dunder.o
        40          0          0          0          0         68   fpclassify.o
       170          0          0          0          0         96   poly.o
      2520        190        136          0          0        324   pow.o
         0          0          8          0          0          0   qnan.o
        76          0          0          0          0         84   sqrt.o

    ----------------------------------------------------------------------
     12068        738        320          0         96       6132   Library Totals
        26          0          0          0          0          0   (incl. Padding)

    ----------------------------------------------------------------------

      Code (inc. data)   RO Data    RW Data    ZI Data      Debug   Library Name

      4336        194        176          0         96       2516   c_w.l
      4838        344          0          0          0       2704   fz_ws.l
      2868        200        144          0          0        912   m_ws.l

    ----------------------------------------------------------------------
     12068        738        320          0         96       6132   Library Totals

    ----------------------------------------------------------------------

==============================================================================


      Code (inc. data)   RO Data    RW Data    ZI Data      Debug   

     15124       1054        588         24       1632     289923   Grand Totals
     15124       1054        588         24       1632     289923   ELF Image Totals
     15124       1054        588         24          0          0   ROM Totals

==============================================================================

    Total RO  Size (Code + RO Data)                15712 (  15.34kB)
    Total RW  Size (RW Data + ZI Data)              1656 (   1.62kB)
    Total ROM Size (Code + RO Data + RW Data)      15736 (  15.37kB)

==============================================================================

